Archive member included to satisfy reference by file (symbol)

/home/duarte/Arduino/ArduinoOutput/../../../../tmp/arduino/cores/f9219ea86dd6d98e9b5d768564f54d5c/core.a(SerialUSB.cpp.o)
                              /home/duarte/Arduino/ArduinoOutput/sketch/lab_SCDTR_1st.ino.cpp.o (_ZN9SerialUSB5beginEm)
/home/duarte/Arduino/ArduinoOutput/../../../../tmp/arduino/cores/f9219ea86dd6d98e9b5d768564f54d5c/core.a(Print.cpp.o)
                              /home/duarte/Arduino/ArduinoOutput/sketch/lab_SCDTR_1st.ino.cpp.o (_ZN7arduino5Print5printEPKc)
/home/duarte/Arduino/ArduinoOutput/../../../../tmp/arduino/cores/f9219ea86dd6d98e9b5d768564f54d5c/core.a(delay.cpp.o)
                              /home/duarte/Arduino/ArduinoOutput/sketch/lab_SCDTR_1st.ino.cpp.o (delay)
/home/duarte/Arduino/ArduinoOutput/../../../../tmp/arduino/cores/f9219ea86dd6d98e9b5d768564f54d5c/core.a(main.cpp.o)
                              /home/duarte/Arduino/ArduinoOutput/../../../../tmp/arduino/cores/f9219ea86dd6d98e9b5d768564f54d5c/core.a(SerialUSB.cpp.o) (__isFreeRTOS)
/home/duarte/Arduino/ArduinoOutput/../../../../tmp/arduino/cores/f9219ea86dd6d98e9b5d768564f54d5c/core.a(malloc-lock.cpp.o)
                              /home/duarte/Arduino/ArduinoOutput/libraries/RunningMedian/RunningMedian.cpp.o (__wrap_malloc)
/home/duarte/Arduino/ArduinoOutput/../../../../tmp/arduino/cores/f9219ea86dd6d98e9b5d768564f54d5c/core.a(wiring_analog.cpp.o)
                              /home/duarte/Arduino/ArduinoOutput/sketch/lab_SCDTR_1st.ino.cpp.o (analogWriteFreq)
/home/duarte/Arduino/ArduinoOutput/../../../../tmp/arduino/cores/f9219ea86dd6d98e9b5d768564f54d5c/core.a(wiring_private.cpp.o)
                              /home/duarte/Arduino/ArduinoOutput/../../../../tmp/arduino/cores/f9219ea86dd6d98e9b5d768564f54d5c/core.a(main.cpp.o) (interrupts)
/home/duarte/Arduino/ArduinoOutput/../../../../tmp/arduino/cores/f9219ea86dd6d98e9b5d768564f54d5c/core.a(CoreMutex.cpp.o)
                              /home/duarte/Arduino/ArduinoOutput/../../../../tmp/arduino/cores/f9219ea86dd6d98e9b5d768564f54d5c/core.a(SerialUSB.cpp.o) (_ZN9CoreMutexC1EP5mutexh)
/home/duarte/Arduino/ArduinoOutput/../../../../tmp/arduino/cores/f9219ea86dd6d98e9b5d768564f54d5c/core.a(PIOProgram.cpp.o)
                              /home/duarte/Arduino/ArduinoOutput/../../../../tmp/arduino/cores/f9219ea86dd6d98e9b5d768564f54d5c/core.a(main.cpp.o) (_ZN10PIOProgramC1EPK11pio_program)
/home/duarte/Arduino/ArduinoOutput/../../../../tmp/arduino/cores/f9219ea86dd6d98e9b5d768564f54d5c/core.a(RP2040USB.cpp.o)
                              /home/duarte/Arduino/ArduinoOutput/../../../../tmp/arduino/cores/f9219ea86dd6d98e9b5d768564f54d5c/core.a(SerialUSB.cpp.o) (__usb_mutex)
/home/duarte/Arduino/ArduinoOutput/../../../../tmp/arduino/cores/f9219ea86dd6d98e9b5d768564f54d5c/core.a(_freertos.cpp.o)
                              /home/duarte/Arduino/ArduinoOutput/../../../../tmp/arduino/cores/f9219ea86dd6d98e9b5d768564f54d5c/core.a(CoreMutex.cpp.o) (_Z28__get_freertos_mutex_for_ptrP5mutexb)
/home/duarte/Arduino/ArduinoOutput/../../../../tmp/arduino/cores/f9219ea86dd6d98e9b5d768564f54d5c/core.a(String.cpp.o)
                              /home/duarte/Arduino/ArduinoOutput/../../../../tmp/arduino/cores/f9219ea86dd6d98e9b5d768564f54d5c/core.a(main.cpp.o) (_ZN7arduino6StringD1Ev)
/home/duarte/Arduino/ArduinoOutput/../../../../tmp/arduino/cores/f9219ea86dd6d98e9b5d768564f54d5c/core.a(stdlib_noniso.cpp.o)
                              /home/duarte/Arduino/ArduinoOutput/../../../../tmp/arduino/cores/f9219ea86dd6d98e9b5d768564f54d5c/core.a(String.cpp.o) (ltoa)
/home/duarte/.arduino15/packages/rp2040/hardware/rp2040/3.7.2/lib/libpico.a(adc.c.obj)
                              /home/duarte/Arduino/ArduinoOutput/../../../../tmp/arduino/cores/f9219ea86dd6d98e9b5d768564f54d5c/core.a(wiring_analog.cpp.o) (adc_init)
/home/duarte/.arduino15/packages/rp2040/hardware/rp2040/3.7.2/lib/libpico.a(sync.c.obj)
                              /home/duarte/Arduino/ArduinoOutput/../../../../tmp/arduino/cores/f9219ea86dd6d98e9b5d768564f54d5c/core.a(main.cpp.o) (next_striped_spin_lock_num)
/home/duarte/.arduino15/packages/rp2040/hardware/rp2040/3.7.2/lib/libpico.a(gpio.c.obj)
                              /home/duarte/Arduino/ArduinoOutput/../../../../tmp/arduino/cores/f9219ea86dd6d98e9b5d768564f54d5c/core.a(wiring_analog.cpp.o) (gpio_set_function)
/home/duarte/.arduino15/packages/rp2040/hardware/rp2040/3.7.2/lib/libpico.a(irq.c.obj)
                              /home/duarte/Arduino/ArduinoOutput/../../../../tmp/arduino/cores/f9219ea86dd6d98e9b5d768564f54d5c/core.a(SerialUSB.cpp.o) (irq_set_enabled)
/home/duarte/.arduino15/packages/rp2040/hardware/rp2040/3.7.2/lib/libpico.a(irq_handler_chain.S.obj)
                              /home/duarte/.arduino15/packages/rp2040/hardware/rp2040/3.7.2/lib/libpico.a(irq.c.obj) (irq_handler_chain_slots)
/home/duarte/.arduino15/packages/rp2040/hardware/rp2040/3.7.2/lib/libpico.a(mutex.c.obj)
[...]
Memory Configuration

Name             Origin             Length             Attributes
FLASH            0x10000000         0x001ff000         xr
RAM              0x20000000         0x00040000         xrw
SCRATCH_X        0x20040000         0x00001000         xrw
SCRATCH_Y        0x20041000         0x00001000         xrw
*default*        0x00000000         0xffffffff

Linker script and memory map

LOAD /home/duarte/.arduino15/packages/rp2040/tools/pqt-gcc/2.2.0-d04e724/bin/../lib/gcc/arm-none-eabi/12.3.0/thumb/crti.o
LOAD /home/duarte/.arduino15/packages/rp2040/tools/pqt-gcc/2.2.0-d04e724/bin/../lib/gcc/arm-none-eabi/12.3.0/thumb/crtbegin.o
LOAD /home/duarte/.arduino15/packages/rp2040/tools/pqt-gcc/2.2.0-d04e724/bin/../lib/gcc/arm-none-eabi/12.3.0/../../../../arm-none-eabi/lib/thumb/crt0.o
                [!provide]                        PROVIDE (_EEPROM_start = 0x101ff000)
                [!provide]                        PROVIDE (_FS_start = 0x101ff000)
                [!provide]                        PROVIDE (_FS_end = 0x101ff000)

.flash_begin    0x10000000        0x0
                0x10000000                        __flash_binary_start = .

.boot2          0x10000000      0x100
                0x10000000                        __boot2_start__ = .
 *(.boot2)
 .boot2         0x10000000      0x100 /home/duarte/Arduino/ArduinoOutput/boot2.o
                0x10000100                        __boot2_end__ = .
                0x00000001                        ASSERT (((__boot2_end__ - __boot2_start__) == 0x100), ERROR: Pico second stage bootloader must be 256 bytes in size)

.ota            0x10000100     0x24e4
 *(.OTA)
 .OTA           0x10000100     0x24e4 /home/duarte/.arduino15/packages/rp2040/hardware/rp2040/3.7.2/lib/ota.o
                0x10000100                _binary_ota_bin_start
                0x100025e4                _binary_ota_bin_end

.partition      0x100025e4      0xa1c
                0x10002ff0                        . = (__flash_binary_start + 0x2ff0)
 *fill*         0x100025e4      0xa0c 
                0x10002ff0        0x4 LONG 0x101ff000
                0x10002ff4        0x4 LONG 0x101ff000
                0x10002ff8        0x4 LONG 0x101ff000
                0x10002ffc        0x4 LONG 0x1ff000

.text           0x10003000     0xd718
                0x10003000                        __logical_binary_start = .
 *(.vectors)
 .vectors       0x10003000       0xd4 /home/duarte/.arduino15/packages/rp2040/hardware/rp2040/3.7.2/lib/libpico.a(crt0.S.obj)
                0x10003000                __vectors
                0x10003000                __VECTOR_TABLE
                0x100030c0                isr_invalid
                0x100030c0                __default_isrs_start
                0x100030c2                isr_nmi
                0x100030c4                isr_hardfault
                0x100030c6                isr_svcall
                0x100030c8                isr_pendsv
                0x100030ca                isr_systick
                0x100030cc                isr_irq30
                0x100030cc                __unhandled_user_irq
                0x100030cc                isr_irq13
                0x100030cc                isr_irq27
                0x100030cc                isr_irq31
                0x100030cc                isr_irq5
                0x100030cc                isr_irq11
                0x100030cc                isr_irq23
                0x100030cc                isr_irq18
                0x100030cc                isr_irq28
                0x100030cc                isr_irq19
                0x100030cc                isr_irq0
                0x100030cc                isr_irq6
                0x100030cc                isr_irq22
                0x100030cc                isr_irq17
                0x100030cc                isr_irq14
                0x100030cc                isr_irq2
                0x100030cc                isr_irq10
                0x100030cc                isr_irq8
                0x100030cc                isr_irq24
                0x100030cc                isr_irq1
                0x100030cc                isr_irq7
                0x100030cc                isr_irq21
                0x100030cc                isr_irq20
                0x100030cc                isr_irq15
                0x100030cc                isr_irq25
                0x100030cc                isr_irq4
                0x100030cc                isr_irq16
                0x100030cc                isr_irq29
                0x100030cc                isr_irq26
                0x100030cc                __default_isrs_end
                0x100030cc                isr_irq3
                0x100030cc                isr_irq12
                0x100030cc                isr_irq9
                0x100030d2                unhandled_user_irq_num_in_r0
 *(.binary_info_header)
 .binary_info_header
                0x100030d4        0x0 /home/duarte/.arduino15/packages/rp2040/hardware/rp2040/3.7.2/lib/libpico.a(crt0.S.obj)
                0x100030d4                        __binary_info_header_end = .
 *(.reset)
 .reset         0x100030d4       0xa0 /home/duarte/.arduino15/packages/rp2040/hardware/rp2040/3.7.2/lib/libpico.a(crt0.S.obj)
                0x100030d4                _entry_point
 *(.init)
 .init          0x10003174        0x4 /home/duarte/.arduino15/packages/rp2040/tools/pqt-gcc/2.2.0-d04e724/bin/../lib/gcc/arm-none-eabi/12.3.0/thumb/crti.o
                0x10003174                _init
 *(EXCLUDE_FILE(*dvi.c.o *PicoDVI.cpp.o *divider.S.obj *interp.c.obj *libm.a: *libc.a:*lib_a-mem*.o *libgcc.a:) .text*)
 .text          0x10003178       0x98 /home/duarte/.arduino15/packages/rp2040/tools/pqt-gcc/2.2.0-d04e724/bin/../lib/gcc/arm-none-eabi/12.3.0/thumb/crtbegin.o
 .text._Z14get_duty_cyclei
                0x10003210       0x40 /home/duarte/Arduino/ArduinoOutput/sketch/lab_SCDTR_1st.ino.cpp.o
                0x10003210                _Z14get_duty_cyclei
 .text._Z5ldr_Ri
                0x10003250       0x28 /home/duarte/Arduino/ArduinoOutput/sketch/lab_SCDTR_1st.ino.cpp.o
                0x10003250                _Z5ldr_Ri
 .text._Z14convert_to_luxi
                0x10003278       0x40 /home/duarte/Arduino/ArduinoOutput/sketch/lab_SCDTR_1st.ino.cpp.o
                0x10003278                _Z14convert_to_luxi
 .text._Z7calibrev
                0x100032b8       0xb8 /home/duarte/Arduino/ArduinoOutput/sketch/lab_SCDTR_1st.ino.cpp.o
                0x100032b8                _Z7calibrev
 .text.loop     0x10003370      0x280 /home/duarte/Arduino/ArduinoOutput/sketch/lab_SCDTR_1st.ino.cpp.o
                0x10003370                loop
 .text.startup._GLOBAL__sub_I_median
                0x100035f0       0x10 /home/duarte/Arduino/ArduinoOutput/sketch/lab_SCDTR_1st.ino.cpp.o
 .text.setup    0x10003600       0x38 /home/duarte/Arduino/ArduinoOutput/sketch/lab_SCDTR_1st.ino.cpp.o
                0x10003600                setup
 .text._ZN13RunningMedian5clearEv
                0x10003638       0x18 /home/duarte/Arduino/ArduinoOutput/libraries/RunningMedian/RunningMedian.cpp.o
                0x10003638                _ZN13RunningMedian5clearEv
 .text._ZN13RunningMedianC2Eh
                0x10003650       0x2e /home/duarte/Arduino/ArduinoOutput/libraries/RunningMedian/RunningMedian.cpp.o
                0x10003650                _ZN13RunningMedianC1Eh
                0x10003650                _ZN13RunningMedianC2Eh
 .text._ZN13RunningMedian3addEf
                0x1000367e       0x2c /home/duarte/Arduino/ArduinoOutput/libraries/RunningMedian/RunningMedian.cpp.o
                0x1000367e                _ZN13RunningMedian3addEf
 .text._ZN13RunningMedian4sortEv
                0x100036aa       0xc6 /home/duarte/Arduino/ArduinoOutput/libraries/RunningMedian/RunningMedian.cpp.o
                0x100036aa                _ZN13RunningMedian4sortEv
 .text._ZN13RunningMedian9getMedianEv
                0x10003770       0x48 /home/duarte/Arduino/ArduinoOutput/libraries/RunningMedian/RunningMedian.cpp.o
                0x10003770                _ZN13RunningMedian9getMedianEv
 .text._ZN9SerialUSB5beginEmt
                0x100037b8        0xa /home/duarte/Arduino/ArduinoOutput/../../../../tmp/arduino/cores/f9219ea86dd6d98e9b5d768564f54d5c/core.a(SerialUSB.cpp.o)
                0x100037b8                _ZN9SerialUSB5beginEmt
 .text._ZN9SerialUSB5beginEm
                0x100037c2        0xc /home/duarte/Arduino/ArduinoOutput/../../../../tmp/arduino/cores/f9219ea86dd6d98e9b5d768564f54d5c/core.a(SerialUSB.cpp.o)
                0x100037c2                _ZN9SerialUSB5beginEm
 .text._ZN9SerialUSB3endEv
                0x100037ce        0x2 /home/duarte/Arduino/ArduinoOutput/../../../../tmp/arduino/cores/f9219ea86dd6d98e9b5d768564f54d5c/core.a(SerialUSB.cpp.o)
                0x100037ce                _ZN9SerialUSB3endEv
 .text._ZN9SerialUSB5writeEh
                0x100037d0       0x14 /home/duarte/Arduino/ArduinoOutput/../../../../tmp/arduino/cores/f9219ea86dd6d98e9b5d768564f54d5c/core.a(SerialUSB.cpp.o)
                0x100037d0                _ZN9SerialUSB5writeEh
 .text._ZN9SerialUSB4peekEv
                0x100037e4       0x50 /home/duarte/Arduino/ArduinoOutput/../../../../tmp/arduino/cores/f9219ea86dd6d98e9b5d768564f54d5c/core.a(SerialUSB.cpp.o)
                0x100037e4                _ZN9SerialUSB4peekEv
 .text._ZN9SerialUSB9availableEv
                0x10003834       0x44 /home/duarte/Arduino/ArduinoOutput/../../../../tmp/arduino/cores/f9219ea86dd6d98e9b5d768564f54d5c/core.a(SerialUSB.cpp.o)
                0x10003834                _ZN9SerialUSB9availableEv
 .text._ZN9SerialUSB17availableForWriteEv
                0x10003878       0x44 /home/duarte/Arduino/ArduinoOutput/../../../../tmp/arduino/cores/f9219ea86dd6d98e9b5d768564f54d5c/core.a(SerialUSB.cpp.o)
                0x10003878                _ZN9SerialUSB17availableForWriteEv
 .text._ZL16CheckSerialResetv
                0x100038bc       0x74 /home/duarte/Arduino/ArduinoOutput/../../../../tmp/arduino/cores/f9219ea86dd6d98e9b5d768564f54d5c/core.a(SerialUSB.cpp.o)
 .text._ZN9SerialUSB4readEv
                0x10003930       0x5c /home/duarte/Arduino/ArduinoOutput/../../../../tmp/arduino/cores/f9219ea86dd6d98e9b5d768564f54d5c/core.a(SerialUSB.cpp.o)
                0x10003930                _ZN9SerialUSB4readEv
 .text._ZN9SerialUSB5flushEv
                0x1000398c       0x40 /home/duarte/Arduino/ArduinoOutput/../../../../tmp/arduino/cores/f9219ea86dd6d98e9b5d768564f54d5c/core.a(SerialUSB.cpp.o)
                0x1000398c                _ZN9SerialUSB5flushEv
 .text._ZN9SerialUSBcvbEv
                0x100039cc       0x40 /home/duarte/Arduino/ArduinoOutput/../../../../tmp/arduino/cores/f9219ea86dd6d98e9b5d768564f54d5c/core.a(SerialUSB.cpp.o)
                0x100039cc                _ZN9SerialUSBcvbEv
 .text._ZN9SerialUSB5writeEPKhj
                0x10003a0c       0xf4 /home/duarte/Arduino/ArduinoOutput/../../../../tmp/arduino/cores/f9219ea86dd6d98e9b5d768564f54d5c/core.a(SerialUSB.cpp.o)
                0x10003a0c                _ZN9SerialUSB5writeEPKhj
 .text._Z18__USBInstallSerialv
                0x10003b00        0x2 /home/duarte/Arduino/ArduinoOutput/../../../../tmp/arduino/cores/f9219ea86dd6d98e9b5d768564f54d5c/core.a(SerialUSB.cpp.o)
                0x10003b00                _Z18__USBInstallSerialv
 *fill*         0x10003b02        0x2 
 .text.tud_cdc_line_state_cb
                0x10003b04       0x18 /home/duarte/Arduino/ArduinoOutput/../../../../tmp/arduino/cores/f9219ea86dd6d98e9b5d768564f54d5c/core.a(SerialUSB.cpp.o)
                0x10003b04                tud_cdc_line_state_cb
 .text.tud_cdc_line_coding_cb
                0x10003b1c       0x24 /home/duarte/Arduino/ArduinoOutput/../../../../tmp/arduino/cores/f9219ea86dd6d98e9b5d768564f54d5c/core.a(SerialUSB.cpp.o)
                0x10003b1c                tud_cdc_line_coding_cb
 .text._ZN7arduino14serialEventRunEv
                0x10003b40       0x20 /home/duarte/Arduino/ArduinoOutput/../../../../tmp/arduino/cores/f9219ea86dd6d98e9b5d768564f54d5c/core.a(SerialUSB.cpp.o)
                0x10003b40                _ZN7arduino14serialEventRunEv
 .text.startup._GLOBAL__sub_I__Z18__USBInstallSerialv
                0x10003b60       0x1c /home/duarte/Arduino/ArduinoOutput/../../../../tmp/arduino/cores/f9219ea86dd6d98e9b5d768564f54d5c/core.a(SerialUSB.cpp.o)
 .text._ZN7arduino5Print5writeEPKc
                0x10003b7c       0x1c /home/duarte/Arduino/ArduinoOutput/../../../../tmp/arduino/cores/f9219ea86dd6d98e9b5d768564f54d5c/core.a(Print.cpp.o)
                0x10003b7c                _ZN7arduino5Print5writeEPKc
 .text._ZN7arduino5Print5printEPKc
                0x10003b98        0x8 /home/duarte/Arduino/ArduinoOutput/../../../../tmp/arduino/cores/f9219ea86dd6d98e9b5d768564f54d5c/core.a(Print.cpp.o)
                0x10003b98                _ZN7arduino5Print5printEPKc
 .text._ZN7arduino5Print5printEc
                0x10003ba0        0xa /home/duarte/Arduino/ArduinoOutput/../../../../tmp/arduino/cores/f9219ea86dd6d98e9b5d768564f54d5c/core.a(Print.cpp.o)
                0x10003ba0                _ZN7arduino5Print5printEc
 *fill*         0x10003baa        0x2 
 .text._ZN7arduino5Print7printlnEv
                0x10003bac       0x10 /home/duarte/Arduino/ArduinoOutput/../../../../tmp/arduino/cores/f9219ea86dd6d98e9b5d768564f54d5c/core.a(Print.cpp.o)
                0x10003bac                _ZN7arduino5Print7printlnEv
 .text._ZN7arduino5Print11printNumberEmh
                0x10003bbc       0x4e /home/duarte/Arduino/ArduinoOutput/../../../../tmp/arduino/cores/f9219ea86dd6d98e9b5d768564f54d5c/core.a(Print.cpp.o)
                0x10003bbc                _ZN7arduino5Print11printNumberEmh
 .text._ZN7arduino5Print5printEli
                0x10003c0a       0x3e /home/duarte/Arduino/ArduinoOutput/../../../../tmp/arduino/cores/f9219ea86dd6d98e9b5d768564f54d5c/core.a(Print.cpp.o)
                0x10003c0a                _ZN7arduino5Print5printEli
 .text._ZN7arduino5Print5printEii
                0x10003c48        0x8 /home/duarte/Arduino/ArduinoOutput/../../../../tmp/arduino/cores/f9219ea86dd6d98e9b5d768564f54d5c/core.a(Print.cpp.o)
                0x10003c48                _ZN7arduino5Print5printEii
 .text._ZN7arduino5Print7printlnEii
                0x10003c50       0x14 /home/duarte/Arduino/ArduinoOutput/../../../../tmp/arduino/cores/f9219ea86dd6d98e9b5d768564f54d5c/core.a(Print.cpp.o)
                0x10003c50                _ZN7arduino5Print7printlnEii
 .text._ZN7arduino5Print10printFloatEdi
                0x10003c64      0x170 /home/duarte/Arduino/ArduinoOutput/../../../../tmp/arduino/cores/f9219ea86dd6d98e9b5d768564f54d5c/core.a(Print.cpp.o)
                0x10003c64                _ZN7arduino5Print10printFloatEdi
 .text._ZN7arduino5Print5printEdi
                0x10003dd4        0xc /home/duarte/Arduino/ArduinoOutput/../../../../tmp/arduino/cores/f9219ea86dd6d98e9b5d768564f54d5c/core.a(Print.cpp.o)
                0x10003dd4                _ZN7arduino5Print5printEdi
 .text._ZN7arduino5Print7printlnEdi
                0x10003de0       0x18 /home/duarte/Arduino/ArduinoOutput/../../../../tmp/arduino/cores/f9219ea86dd6d98e9b5d768564f54d5c/core.a(Print.cpp.o)
                0x10003de0                _ZN7arduino5Print7printlnEdi
 .text.delay    0x10003df8        0xc /home/duarte/Arduino/ArduinoOutput/../../../../tmp/arduino/cores/f9219ea86dd6d98e9b5d768564f54d5c/core.a(delay.cpp.o)
                0x10003df8                delay
 .text._ZN6RP204015_SystickHandlerEv
                0x10003e04       0x1c /home/duarte/Arduino/ArduinoOutput/../../../../tmp/arduino/cores/f9219ea86dd6d98e9b5d768564f54d5c/core.a(main.cpp.o)
                0x10003e04                _ZN6RP204015_SystickHandlerEv
 .text._ZN6_MFIFO12registerCoreEv.part.0
                0x10003e20       0x24 /home/duarte/Arduino/ArduinoOutput/../../../../tmp/arduino/cores/f9219ea86dd6d98e9b5d768564f54d5c/core.a(main.cpp.o)
 .text.main1    0x10003e44       0x30 /home/duarte/Arduino/ArduinoOutput/../../../../tmp/arduino/cores/f9219ea86dd6d98e9b5d768564f54d5c/core.a(main.cpp.o)
                0x10003e44                main1
 .text._ZN6_MFIFO5beginEi.part.0.constprop.0
                0x10003e74       0x44 /home/duarte/Arduino/ArduinoOutput/../../../../tmp/arduino/cores/f9219ea86dd6d98e9b5d768564f54d5c/core.a(main.cpp.o)
 .text._ZN6RP20405beginEv
                0x10003eb8       0xb8 /home/duarte/Arduino/ArduinoOutput/../../../../tmp/arduino/cores/f9219ea86dd6d98e9b5d768564f54d5c/core.a(main.cpp.o)
                0x10003eb8                _ZN6RP20405beginEv
 .text.initVariant
                0x10003f70        0x2 /home/duarte/Arduino/ArduinoOutput/../../../../tmp/arduino/cores/f9219ea86dd6d98e9b5d768564f54d5c/core.a(main.cpp.o)
                0x10003f70                initVariant
 *fill*         0x10003f72        0x2 
 .text._Z6__loopv
                0x10003f74       0x30 /home/duarte/Arduino/ArduinoOutput/../../../../tmp/arduino/cores/f9219ea86dd6d98e9b5d768564f54d5c/core.a(main.cpp.o)
                0x10003f74                _Z6__loopv
 .text.__wrap___getreent
                0x10003fa4       0x1c /home/duarte/Arduino/ArduinoOutput/../../../../tmp/arduino/cores/f9219ea86dd6d98e9b5d768564f54d5c/core.a(main.cpp.o)
                0x10003fa4                __wrap___getreent
 .text.startup._GLOBAL__sub_I_rp2040
                0x10003fc0       0x28 /home/duarte/Arduino/ArduinoOutput/../../../../tmp/arduino/cores/f9219ea86dd6d98e9b5d768564f54d5c/core.a(main.cpp.o)
 .text.startup.main
                0x10003fe8      0x14c /home/duarte/Arduino/ArduinoOutput/../../../../tmp/arduino/cores/f9219ea86dd6d98e9b5d768564f54d5c/core.a(main.cpp.o)
                0x10003fe8                main
 .text.__wrap_malloc
                0x10004134       0x18 /home/duarte/Arduino/ArduinoOutput/../../../../tmp/arduino/cores/f9219ea86dd6d98e9b5d768564f54d5c/core.a(malloc-lock.cpp.o)
                0x10004134                __wrap_malloc
 .text.__wrap_calloc
                0x1000414c       0x1c /home/duarte/Arduino/ArduinoOutput/../../../../tmp/arduino/cores/f9219ea86dd6d98e9b5d768564f54d5c/core.a(malloc-lock.cpp.o)
                0x1000414c                __wrap_calloc
 .text.__wrap_realloc
                0x10004168       0x1c /home/duarte/Arduino/ArduinoOutput/../../../../tmp/arduino/cores/f9219ea86dd6d98e9b5d768564f54d5c/core.a(malloc-lock.cpp.o)
                0x10004168                __wrap_realloc
 .text.__wrap_free
                0x10004184       0x14 /home/duarte/Arduino/ArduinoOutput/../../../../tmp/arduino/cores/f9219ea86dd6d98e9b5d768564f54d5c/core.a(malloc-lock.cpp.o)
                0x10004184                __wrap_free
 .text.adc_read
                0x10004198       0x20 /home/duarte/Arduino/ArduinoOutput/../../../../tmp/arduino/cores/f9219ea86dd6d98e9b5d768564f54d5c/core.a(wiring_analog.cpp.o)
 .text.analogWriteFreq
                0x100041b8       0x38 /home/duarte/Arduino/ArduinoOutput/../../../../tmp/arduino/cores/f9219ea86dd6d98e9b5d768564f54d5c/core.a(wiring_analog.cpp.o)
                0x100041b8                analogWriteFreq
 .text.analogWriteRange
                0x100041f0       0x30 /home/duarte/Arduino/ArduinoOutput/../../../../tmp/arduino/cores/f9219ea86dd6d98e9b5d768564f54d5c/core.a(wiring_analog.cpp.o)
                0x100041f0                analogWriteRange
 .text._Z13__clearADCPinh
                0x10004220       0x14 /home/duarte/Arduino/ArduinoOutput/../../../../tmp/arduino/cores/f9219ea86dd6d98e9b5d768564f54d5c/core.a(wiring_analog.cpp.o)
                0x10004220                _Z13__clearADCPinh
 .text.analogWrite
                0x10004234      0x1e8 /home/duarte/Arduino/ArduinoOutput/../../../../tmp/arduino/cores/f9219ea86dd6d98e9b5d768564f54d5c/core.a(wiring_analog.cpp.o)
                0x10004234                analogWrite
 .text.analogRead
                0x1000441c       0xd0 /home/duarte/Arduino/ArduinoOutput/../../../../tmp/arduino/cores/f9219ea86dd6d98e9b5d768564f54d5c/core.a(wiring_analog.cpp.o)
                0x1000441c                analogRead
 .text.analogReadResolution
                0x100044ec       0x34 /home/duarte/Arduino/ArduinoOutput/../../../../tmp/arduino/cores/f9219ea86dd6d98e9b5d768564f54d5c/core.a(wiring_analog.cpp.o)
                0x100044ec                analogReadResolution
 .text.interrupts
                0x10004520       0x30 /home/duarte/Arduino/ArduinoOutput/../../../../tmp/arduino/cores/f9219ea86dd6d98e9b5d768564f54d5c/core.a(wiring_private.cpp.o)
                0x10004520                interrupts
 .text.noInterrupts
                0x10004550       0x3c /home/duarte/Arduino/ArduinoOutput/../../../../tmp/arduino/cores/f9219ea86dd6d98e9b5d768564f54d5c/core.a(wiring_private.cpp.o)
                0x10004550                noInterrupts
 .text.startup._GLOBAL__sub_I_interrupts
                0x1000458c       0x1c /home/duarte/Arduino/ArduinoOutput/../../../../tmp/arduino/cores/f9219ea86dd6d98e9b5d768564f54d5c/core.a(wiring_private.cpp.o)
 .text._ZN9CoreMutexC2EP5mutexh
                0x100045a8       0x68 /home/duarte/Arduino/ArduinoOutput/../../../../tmp/arduino/cores/f9219ea86dd6d98e9b5d768564f54d5c/core.a(CoreMutex.cpp.o)
                0x100045a8                _ZN9CoreMutexC2EP5mutexh
                0x100045a8                _ZN9CoreMutexC1EP5mutexh
 .text._ZN9CoreMutexD2Ev
                0x10004610       0x44 /home/duarte/Arduino/ArduinoOutput/../../../../tmp/arduino/cores/f9219ea86dd6d98e9b5d768564f54d5c/core.a(CoreMutex.cpp.o)
                0x10004610                _ZN9CoreMutexD2Ev
                0x10004610                _ZN9CoreMutexD1Ev
 .text._ZN10PIOProgramC2EPK11pio_program
                0x10004654        0xc /home/duarte/Arduino/ArduinoOutput/../../../../tmp/arduino/cores/f9219ea86dd6d98e9b5d768564f54d5c/core.a(PIOProgram.cpp.o)
                0x10004654                _ZN10PIOProgramC1EPK11pio_program
                0x10004654                _ZN10PIOProgramC2EPK11pio_program
 .text._ZN10PIOProgram7prepareEPP8pio_hw_tPiS3_
                0x10004660      0x198 /home/duarte/Arduino/ArduinoOutput/../../../../tmp/arduino/cores/f9219ea86dd6d98e9b5d768564f54d5c/core.a(PIOProgram.cpp.o)
                0x10004660                _ZN10PIOProgram7prepareEPP8pio_hw_tPiS3_
 .text.startup._GLOBAL__sub_I__ZN10PIOProgramC2EPK11pio_program
                0x100047f8       0x2c /home/duarte/Arduino/ArduinoOutput/../../../../tmp/arduino/cores/f9219ea86dd6d98e9b5d768564f54d5c/core.a(PIOProgram.cpp.o)
 .text._ZL10timer_tasklPv
                0x10004824       0x18 /home/duarte/Arduino/ArduinoOutput/../../../../tmp/arduino/cores/f9219ea86dd6d98e9b5d768564f54d5c/core.a(RP2040USB.cpp.o)
 .text._ZL7usb_irqv
                0x1000483c       0x28 /home/duarte/Arduino/ArduinoOutput/../../../../tmp/arduino/cores/f9219ea86dd6d98e9b5d768564f54d5c/core.a(RP2040USB.cpp.o)
 .text.tud_descriptor_device_cb
                0x10004864       0xb8 /home/duarte/Arduino/ArduinoOutput/../../../../tmp/arduino/cores/f9219ea86dd6d98e9b5d768564f54d5c/core.a(RP2040USB.cpp.o)
                0x10004864                tud_descriptor_device_cb
 .text._Z20__SetupDescHIDReportv
                0x1000491c      0x1cc /home/duarte/Arduino/ArduinoOutput/../../../../tmp/arduino/cores/f9219ea86dd6d98e9b5d768564f54d5c/core.a(RP2040USB.cpp.o)
                0x1000491c                _Z20__SetupDescHIDReportv
 .text.tud_hid_descriptor_report_cb
                0x10004ae8        0xc /home/duarte/Arduino/ArduinoOutput/../../../../tmp/arduino/cores/f9219ea86dd6d98e9b5d768564f54d5c/core.a(RP2040USB.cpp.o)
                0x10004ae8                tud_hid_descriptor_report_cb
 .text.tud_descriptor_configuration_cb
                0x10004af4        0xc /home/duarte/Arduino/ArduinoOutput/../../../../tmp/arduino/cores/f9219ea86dd6d98e9b5d768564f54d5c/core.a(RP2040USB.cpp.o)
                0x10004af4                tud_descriptor_configuration_cb
 .text._Z20__SetupUSBDescriptorv
                0x10004b00      0x1c0 /home/duarte/Arduino/ArduinoOutput/../../../../tmp/arduino/cores/f9219ea86dd6d98e9b5d768564f54d5c/core.a(RP2040USB.cpp.o)
                0x10004b00                _Z20__SetupUSBDescriptorv
 .text.tud_descriptor_string_cb
                0x10004cc0       0x68 /home/duarte/Arduino/ArduinoOutput/../../../../tmp/arduino/cores/f9219ea86dd6d98e9b5d768564f54d5c/core.a(RP2040USB.cpp.o)
                0x10004cc0                tud_descriptor_string_cb
 .text._Z10__USBStartv
                0x10004d28       0x9c /home/duarte/Arduino/ArduinoOutput/../../../../tmp/arduino/cores/f9219ea86dd6d98e9b5d768564f54d5c/core.a(RP2040USB.cpp.o)
                0x10004d28                _Z10__USBStartv
 .text.tud_hid_get_report_cb
                0x10004dc4        0x4 /home/duarte/Arduino/ArduinoOutput/../../../../tmp/arduino/cores/f9219ea86dd6d98e9b5d768564f54d5c/core.a(RP2040USB.cpp.o)
                0x10004dc4                tud_hid_get_report_cb
 .text.tud_hid_set_report_cb
                0x10004dc8        0x2 /home/duarte/Arduino/ArduinoOutput/../../../../tmp/arduino/cores/f9219ea86dd6d98e9b5d768564f54d5c/core.a(RP2040USB.cpp.o)
                0x10004dc8                tud_hid_set_report_cb
 .text.tud_msc_read10_cb
                0x10004dca        0x6 /home/duarte/Arduino/ArduinoOutput/../../../../tmp/arduino/cores/f9219ea86dd6d98e9b5d768564f54d5c/core.a(RP2040USB.cpp.o)
                0x10004dca                tud_msc_read10_cb
 .text.tud_msc_test_unit_ready_cb
                0x10004dd0        0x4 /home/duarte/Arduino/ArduinoOutput/../../../../tmp/arduino/cores/f9219ea86dd6d98e9b5d768564f54d5c/core.a(RP2040USB.cpp.o)
                0x10004dd0                tud_msc_test_unit_ready_cb
 .text.tud_msc_write10_cb
                0x10004dd4        0x6 /home/duarte/Arduino/ArduinoOutput/../../../../tmp/arduino/cores/f9219ea86dd6d98e9b5d768564f54d5c/core.a(RP2040USB.cpp.o)
                0x10004dd4                tud_msc_write10_cb
 .text.tud_msc_scsi_cb
                0x10004dda        0x4 /home/duarte/Arduino/ArduinoOutput/../../../../tmp/arduino/cores/f9219ea86dd6d98e9b5d768564f54d5c/core.a(RP2040USB.cpp.o)
                0x10004dda                tud_msc_scsi_cb
 .text.tud_msc_capacity_cb
                0x10004dde        0x8 /home/duarte/Arduino/ArduinoOutput/../../../../tmp/arduino/cores/f9219ea86dd6d98e9b5d768564f54d5c/core.a(RP2040USB.cpp.o)
                0x10004dde                tud_msc_capacity_cb
 .text.tud_msc_inquiry_cb
                0x10004de6        0xa /home/duarte/Arduino/ArduinoOutput/../../../../tmp/arduino/cores/f9219ea86dd6d98e9b5d768564f54d5c/core.a(RP2040USB.cpp.o)
                0x10004de6                tud_msc_inquiry_cb
 .text._Z28__get_freertos_mutex_for_ptrP5mutexb
                0x10004df0       0x64 /home/duarte/Arduino/ArduinoOutput/../../../../tmp/arduino/cores/f9219ea86dd6d98e9b5d768564f54d5c/core.a(_freertos.cpp.o)
                0x10004df0                _Z28__get_freertos_mutex_for_ptrP5mutexb
 .text._ZN7arduino6String10invalidateEv
                0x10004e54       0x18 /home/duarte/Arduino/ArduinoOutput/../../../../tmp/arduino/cores/f9219ea86dd6d98e9b5d768564f54d5c/core.a(String.cpp.o)
                0x10004e54                _ZN7arduino6String10invalidateEv
 .text._ZN7arduino6String12changeBufferEj
                0x10004e6c       0x18 /home/duarte/Arduino/ArduinoOutput/../../../../tmp/arduino/cores/f9219ea86dd6d98e9b5d768564f54d5c/core.a(String.cpp.o)
                0x10004e6c                _ZN7arduino6String12changeBufferEj
 .text._ZN7arduino6String7reserveEj
                0x10004e84       0x28 /home/duarte/Arduino/ArduinoOutput/../../../../tmp/arduino/cores/f9219ea86dd6d98e9b5d768564f54d5c/core.a(String.cpp.o)
                0x10004e84                _ZN7arduino6String7reserveEj
 .text._ZN7arduino6String4copyEPKcj
                0x10004eac       0x32 /home/duarte/Arduino/ArduinoOutput/../../../../tmp/arduino/cores/f9219ea86dd6d98e9b5d768564f54d5c/core.a(String.cpp.o)
                0x10004eac                _ZN7arduino6String4copyEPKcj
 .text._ZN7arduino6StringC2EPKc
                0x10004ede       0x26 /home/duarte/Arduino/ArduinoOutput/../../../../tmp/arduino/cores/f9219ea86dd6d98e9b5d768564f54d5c/core.a(String.cpp.o)
                0x10004ede                _ZN7arduino6StringC1EPKc
                0x10004ede                _ZN7arduino6StringC2EPKc
 .text.adc_init
                0x10004f04       0x34 /home/duarte/.arduino15/packages/rp2040/hardware/rp2040/3.7.2/lib/libpico.a(adc.c.obj)
                0x10004f04                adc_init
 .text.spin_locks_reset
                0x10004f38       0x1c /home/duarte/.arduino15/packages/rp2040/hardware/rp2040/3.7.2/lib/libpico.a(sync.c.obj)
                0x10004f38                spin_locks_reset
 .text.next_striped_spin_lock_num
                0x10004f54       0x18 /home/duarte/.arduino15/packages/rp2040/hardware/rp2040/3.7.2/lib/libpico.a(sync.c.obj)
                0x10004f54                next_striped_spin_lock_num
 .text.spin_lock_claim_unused
                0x10004f6c       0x20 /home/duarte/.arduino15/packages/rp2040/hardware/rp2040/3.7.2/lib/libpico.a(sync.c.obj)
                0x10004f6c                spin_lock_claim_unused
 .text.gpio_set_function
                0x10004f8c       0x2c /home/duarte/.arduino15/packages/rp2040/hardware/rp2040/3.7.2/lib/libpico.a(gpio.c.obj)
                0x10004f8c                gpio_set_function
 .text.gpio_set_pulls
                0x10004fb8       0x24 /home/duarte/.arduino15/packages/rp2040/hardware/rp2040/3.7.2/lib/libpico.a(gpio.c.obj)
                0x10004fb8                gpio_set_pulls
 .text.gpio_set_input_enabled
                0x10004fdc       0x1c /home/duarte/.arduino15/packages/rp2040/hardware/rp2040/3.7.2/lib/libpico.a(gpio.c.obj)
                0x10004fdc                gpio_set_input_enabled
 .text.set_raw_irq_handler_and_unlock
                0x10004ff8       0x28 /home/duarte/.arduino15/packages/rp2040/hardware/rp2040/3.7.2/lib/libpico.a(irq.c.obj)
 .text.irq_is_enabled
                0x10005020       0x18 /home/duarte/.arduino15/packages/rp2040/hardware/rp2040/3.7.2/lib/libpico.a(irq.c.obj)
                0x10005020                irq_is_enabled
 .text.irq_set_mask_enabled
                0x10005038       0x20 /home/duarte/.arduino15/packages/rp2040/hardware/rp2040/3.7.2/lib/libpico.a(irq.c.obj)
                0x10005038                irq_set_mask_enabled
 .text.irq_set_enabled
                0x10005058        0xe /home/duarte/.arduino15/packages/rp2040/hardware/rp2040/3.7.2/lib/libpico.a(irq.c.obj)
                0x10005058                irq_set_enabled
 *fill*         0x10005066        0x2 
 .text.irq_set_pending
                0x10005068       0x10 /home/duarte/.arduino15/packages/rp2040/hardware/rp2040/3.7.2/lib/libpico.a(irq.c.obj)
                0x10005068                irq_set_pending
 .text.irq_get_vtable_handler
                0x10005078       0x10 /home/duarte/.arduino15/packages/rp2040/hardware/rp2040/3.7.2/lib/libpico.a(irq.c.obj)
                0x10005078                irq_get_vtable_handler
 .text.irq_set_exclusive_handler
                0x10005088       0x40 /home/duarte/.arduino15/packages/rp2040/hardware/rp2040/3.7.2/lib/libpico.a(irq.c.obj)
                0x10005088                irq_set_exclusive_handler
 .text.irq_add_shared_handler
                0x100050c8      0x1a0 /home/duarte/.arduino15/packages/rp2040/hardware/rp2040/3.7.2/lib/libpico.a(irq.c.obj)
                0x100050c8                irq_add_shared_handler
 .text.irq_remove_handler
                0x10005268      0x164 /home/duarte/.arduino15/packages/rp2040/hardware/rp2040/3.7.2/lib/libpico.a(irq.c.obj)
                0x10005268                irq_remove_handler
 .text.irq_add_tail_to_free_list
                0x100053cc       0xa0 /home/duarte/.arduino15/packages/rp2040/hardware/rp2040/3.7.2/lib/libpico.a(irq.c.obj)
                0x100053cc                irq_add_tail_to_free_list
 .text.irq_init_priorities
                0x1000546c       0x24 /home/duarte/.arduino15/packages/rp2040/hardware/rp2040/3.7.2/lib/libpico.a(irq.c.obj)
                0x1000546c                irq_init_priorities
 .text.user_irq_claim_unused
                0x10005490       0x28 /home/duarte/.arduino15/packages/rp2040/hardware/rp2040/3.7.2/lib/libpico.a(irq.c.obj)
                0x10005490                user_irq_claim_unused
 .text.mutex_init
                0x100054b8       0x1a /home/duarte/.arduino15/packages/rp2040/hardware/rp2040/3.7.2/lib/libpico.a(mutex.c.obj)
                0x100054b8                mutex_init
 .text.recursive_mutex_init
                0x100054d2       0x1a /home/duarte/.arduino15/packages/rp2040/hardware/rp2040/3.7.2/lib/libpico.a(mutex.c.obj)
                0x100054d2                recursive_mutex_init
 .text.time_reached
                0x100054ec       0x28 /home/duarte/.arduino15/packages/rp2040/hardware/rp2040/3.7.2/lib/libpico.a(time.c.obj)
 .text.timer_pool_entry_comparator
                0x10005514       0x30 /home/duarte/.arduino15/packages/rp2040/hardware/rp2040/3.7.2/lib/libpico.a(time.c.obj)
                0x10005514                timer_pool_entry_comparator
 .text.alarm_pool_post_alloc_init
                0x10005544       0x40 /home/duarte/.arduino15/packages/rp2040/hardware/rp2040/3.7.2/lib/libpico.a(time.c.obj)
 .text.sleep_until_callback
                0x10005584       0x30 /home/duarte/.arduino15/packages/rp2040/hardware/rp2040/3.7.2/lib/libpico.a(time.c.obj)
 .text.ph_add_child_node.isra.0
                0x100055b4       0x20 /home/duarte/.arduino15/packages/rp2040/hardware/rp2040/3.7.2/lib/libpico.a(time.c.obj)
 .text.add_alarm_under_lock
                0x100055d4       0xcc /home/duarte/.arduino15/packages/rp2040/hardware/rp2040/3.7.2/lib/libpico.a(time.c.obj)
 .text.alarm_pool_alarm_callback
                0x100056a0      0x18c /home/duarte/.arduino15/packages/rp2040/hardware/rp2040/3.7.2/lib/libpico.a(time.c.obj)
 .text.alarm_pool_init_default
                0x1000582c       0x3c /home/duarte/.arduino15/packages/rp2040/hardware/rp2040/3.7.2/lib/libpico.a(time.c.obj)
                0x1000582c                alarm_pool_init_default
 .text.alarm_pool_get_default
                0x10005868        0x8 /home/duarte/.arduino15/packages/rp2040/hardware/rp2040/3.7.2/lib/libpico.a(time.c.obj)
                0x10005868                alarm_pool_get_default
 .text.alarm_pool_add_alarm_at
                0x10005870       0xd4 /home/duarte/.arduino15/packages/rp2040/hardware/rp2040/3.7.2/lib/libpico.a(time.c.obj)
                0x10005870                alarm_pool_add_alarm_at
 .text.alarm_pool_cancel_alarm
                0x10005944       0x6a /home/duarte/.arduino15/packages/rp2040/hardware/rp2040/3.7.2/lib/libpico.a(time.c.obj)
                0x10005944                alarm_pool_cancel_alarm
 *fill*         0x100059ae        0x2 
 .text.sleep_until
                0x100059b0       0x98 /home/duarte/.arduino15/packages/rp2040/hardware/rp2040/3.7.2/lib/libpico.a(time.c.obj)
                0x100059b0                sleep_until
 .text.sleep_us
                0x10005a48       0x28 /home/duarte/.arduino15/packages/rp2040/hardware/rp2040/3.7.2/lib/libpico.a(time.c.obj)
                0x10005a48                sleep_us
 .text.sleep_ms
                0x10005a70       0x14 /home/duarte/.arduino15/packages/rp2040/hardware/rp2040/3.7.2/lib/libpico.a(time.c.obj)
                0x10005a70                sleep_ms
 .text.best_effort_wfe_or_timeout
                0x10005a84       0x44 /home/duarte/.arduino15/packages/rp2040/hardware/rp2040/3.7.2/lib/libpico.a(time.c.obj)
                0x10005a84                best_effort_wfe_or_timeout
 .text.hardware_alarm_irq_handler
                0x10005ac8       0xac /home/duarte/.arduino15/packages/rp2040/hardware/rp2040/3.7.2/lib/libpico.a(timer.c.obj)
 .text.hardware_alarm_claim
                0x10005b74       0x18 /home/duarte/.arduino15/packages/rp2040/hardware/rp2040/3.7.2/lib/libpico.a(timer.c.obj)
                0x10005b74                hardware_alarm_claim
 .text.time_us_64
                0x10005b8c       0x14 /home/duarte/.arduino15/packages/rp2040/hardware/rp2040/3.7.2/lib/libpico.a(timer.c.obj)
                0x10005b8c                time_us_64
 .text.busy_wait_until
                0x10005ba0       0x1c /home/duarte/.arduino15/packages/rp2040/hardware/rp2040/3.7.2/lib/libpico.a(timer.c.obj)
                0x10005ba0                busy_wait_until
 .text.busy_wait_us
                0x10005bbc       0x2c /home/duarte/.arduino15/packages/rp2040/hardware/rp2040/3.7.2/lib/libpico.a(timer.c.obj)
                0x10005bbc                busy_wait_us
 .text.busy_wait_us_32
                0x10005be8       0x20 /home/duarte/.arduino15/packages/rp2040/hardware/rp2040/3.7.2/lib/libpico.a(timer.c.obj)
                0x10005be8                busy_wait_us_32
 .text.busy_wait_ms
                0x10005c08       0x2c /home/duarte/.arduino15/packages/rp2040/hardware/rp2040/3.7.2/lib/libpico.a(timer.c.obj)
                0x10005c08                busy_wait_ms
 .text.hardware_alarm_set_callback
                0x10005c34       0x9c /home/duarte/.arduino15/packages/rp2040/hardware/rp2040/3.7.2/lib/libpico.a(timer.c.obj)
                0x10005c34                hardware_alarm_set_callback
 .text.hardware_alarm_set_target
                0x10005cd0       0xc0 /home/duarte/.arduino15/packages/rp2040/hardware/rp2040/3.7.2/lib/libpico.a(timer.c.obj)
                0x10005cd0                hardware_alarm_set_target
 .text.hardware_alarm_cancel
                0x10005d90       0x40 /home/duarte/.arduino15/packages/rp2040/hardware/rp2040/3.7.2/lib/libpico.a(timer.c.obj)
                0x10005d90                hardware_alarm_cancel
 .text.ph_add_child_node.isra.0
                0x10005dd0       0x20 /home/duarte/.arduino15/packages/rp2040/hardware/rp2040/3.7.2/lib/libpico.a(pheap.c.obj)
 .text.ph_merge_nodes
                0x10005df0       0x36 /home/duarte/.arduino15/packages/rp2040/hardware/rp2040/3.7.2/lib/libpico.a(pheap.c.obj)
 .text.ph_clear
                0x10005e26       0x34 /home/duarte/.arduino15/packages/rp2040/hardware/rp2040/3.7.2/lib/libpico.a(pheap.c.obj)
                0x10005e26                ph_clear
 .text.ph_post_alloc_init
                0x10005e5a        0xe /home/duarte/.arduino15/packages/rp2040/hardware/rp2040/3.7.2/lib/libpico.a(pheap.c.obj)
                0x10005e5a                ph_post_alloc_init
 .text.ph_merge_two_pass
                0x10005e68       0x48 /home/duarte/.arduino15/packages/rp2040/hardware/rp2040/3.7.2/lib/libpico.a(pheap.c.obj)
                0x10005e68                ph_merge_two_pass
 .text.ph_remove_any_head
                0x10005eb0       0x52 /home/duarte/.arduino15/packages/rp2040/hardware/rp2040/3.7.2/lib/libpico.a(pheap.c.obj)
 .text.ph_remove_head
                0x10005f02       0x14 /home/duarte/.arduino15/packages/rp2040/hardware/rp2040/3.7.2/lib/libpico.a(pheap.c.obj)
                0x10005f02                ph_remove_head
 .text.ph_remove_and_free_node
                0x10005f16       0x6e /home/duarte/.arduino15/packages/rp2040/hardware/rp2040/3.7.2/lib/libpico.a(pheap.c.obj)
                0x10005f16                ph_remove_and_free_node
 .text.queue_init_with_spinlock
                0x10005f84       0x22 /home/duarte/.arduino15/packages/rp2040/hardware/rp2040/3.7.2/lib/libpico.a(queue.c.obj)
                0x10005f84                queue_init_with_spinlock
 *fill*         0x10005fa6        0x2 
 .text.clock_configure
                0x10005fa8       0xec /home/duarte/.arduino15/packages/rp2040/hardware/rp2040/3.7.2/lib/libpico.a(clocks.c.obj)
                0x10005fa8                clock_configure
 .text.clocks_init
                0x10006094       0xf4 /home/duarte/.arduino15/packages/rp2040/hardware/rp2040/3.7.2/lib/libpico.a(clocks.c.obj)
                0x10006094                clocks_init
 .text.clock_get_hz
                0x10006188        0xc /home/duarte/.arduino15/packages/rp2040/hardware/rp2040/3.7.2/lib/libpico.a(clocks.c.obj)
                0x10006188                clock_get_hz
 .text.pll_init
                0x10006194       0x9c /home/duarte/.arduino15/packages/rp2040/hardware/rp2040/3.7.2/lib/libpico.a(pll.c.obj)
                0x10006194                pll_init
 .text.watchdog_start_tick
                0x10006230       0x10 /home/duarte/.arduino15/packages/rp2040/hardware/rp2040/3.7.2/lib/libpico.a(watchdog.c.obj)
                0x10006230                watchdog_start_tick
 .text.xosc_init
                0x10006240       0x28 /home/duarte/.arduino15/packages/rp2040/hardware/rp2040/3.7.2/lib/libpico.a(xosc.c.obj)
                0x10006240                xosc_init
 .text.exception_get_vtable_handler
                0x10006268       0x10 /home/duarte/.arduino15/packages/rp2040/hardware/rp2040/3.7.2/lib/libpico.a(exception.c.obj)
                0x10006268                exception_get_vtable_handler
 .text.exception_set_exclusive_handler
                0x10006278       0x48 /home/duarte/.arduino15/packages/rp2040/hardware/rp2040/3.7.2/lib/libpico.a(exception.c.obj)
                0x10006278                exception_set_exclusive_handler
 .text.rom_func_lookup
                0x100062c0       0x10 /home/duarte/.arduino15/packages/rp2040/hardware/rp2040/3.7.2/lib/libpico.a(bootrom.c.obj)
                0x100062c0                rom_func_lookup
 .text.rom_data_lookup
                0x100062d0       0x10 /home/duarte/.arduino15/packages/rp2040/hardware/rp2040/3.7.2/lib/libpico.a(bootrom.c.obj)
                0x100062d0                rom_data_lookup
 .text.rom_funcs_lookup
                0x100062e0       0x26 /home/duarte/.arduino15/packages/rp2040/hardware/rp2040/3.7.2/lib/libpico.a(bootrom.c.obj)
                0x100062e0                rom_funcs_lookup
 *fill*         0x10006306        0x2 
 .text._pio_find_offset_for_program.isra.0
                0x10006308       0x48 /home/duarte/.arduino15/packages/rp2040/hardware/rp2040/3.7.2/lib/libpico.a(pio.c.obj)
 .text._pio_add_program_at_offset
                0x10006350       0x84 /home/duarte/.arduino15/packages/rp2040/hardware/rp2040/3.7.2/lib/libpico.a(pio.c.obj)
 .text.pio_claim_unused_sm
                0x100063d4       0x34 /home/duarte/.arduino15/packages/rp2040/hardware/rp2040/3.7.2/lib/libpico.a(pio.c.obj)
                0x100063d4                pio_claim_unused_sm
 .text.pio_can_add_program
                0x10006408       0x2a /home/duarte/.arduino15/packages/rp2040/hardware/rp2040/3.7.2/lib/libpico.a(pio.c.obj)
                0x10006408                pio_can_add_program
 *fill*         0x10006432        0x2 
 .text.pio_add_program
                0x10006434       0x3c /home/duarte/.arduino15/packages/rp2040/hardware/rp2040/3.7.2/lib/libpico.a(pio.c.obj)
                0x10006434                pio_add_program
 .text.pio_sm_init
                0x10006470       0x8c /home/duarte/.arduino15/packages/rp2040/hardware/rp2040/3.7.2/lib/libpico.a(pio.c.obj)
                0x10006470                pio_sm_init
 .text          0x100064fc       0x10 /home/duarte/.arduino15/packages/rp2040/hardware/rp2040/3.7.2/lib/libpico.a(bit_ops_aeabi.S.obj)
 .text.__wrap___aeabi_darithmetic
                0x1000650c       0x80 /home/duarte/.arduino15/packages/rp2040/hardware/rp2040/3.7.2/lib/libpico.a(double_aeabi.S.obj)
                0x1000650c                __wrap___aeabi_drsub
                0x10006512                __wrap___aeabi_dsub
                0x10006524                __wrap___aeabi_dadd
                0x10006536                __wrap___aeabi_ddiv
                0x10006572                __wrap___aeabi_dmul
 .text.__wrap___aeabi_cdcmple
                0x1000658c       0x6c /home/duarte/.arduino15/packages/rp2040/hardware/rp2040/3.7.2/lib/libpico.a(double_aeabi.S.obj)
                0x1000658c                __wrap___aeabi_cdrcmple
                0x1000659c                __wrap___aeabi_cdcmple
                0x1000659c                __wrap___aeabi_cdcmpeq
 .text.__wrap___aeabi_dcmpeq
                0x100065f8       0x10 /home/duarte/.arduino15/packages/rp2040/hardware/rp2040/3.7.2/lib/libpico.a(double_aeabi.S.obj)
                0x100065f8                __wrap___aeabi_dcmpeq
 .text.__wrap___aeabi_dcmplt
                0x10006608        0xc /home/duarte/.arduino15/packages/rp2040/hardware/rp2040/3.7.2/lib/libpico.a(double_aeabi.S.obj)
                0x10006608                __wrap___aeabi_dcmplt
 .text.__wrap___aeabi_dcmple
                0x10006614       0x10 /home/duarte/.arduino15/packages/rp2040/hardware/rp2040/3.7.2/lib/libpico.a(double_aeabi.S.obj)
                0x10006614                __wrap___aeabi_dcmple
 .text.__wrap___aeabi_dcmpge
                0x10006624       0x10 /home/duarte/.arduino15/packages/rp2040/hardware/rp2040/3.7.2/lib/libpico.a(double_aeabi.S.obj)
                0x10006624                __wrap___aeabi_dcmpge
 .text.__wrap___aeabi_dcmpgt
                0x10006634        0xa /home/duarte/.arduino15/packages/rp2040/hardware/rp2040/3.7.2/lib/libpico.a(double_aeabi.S.obj)
                0x10006634                __wrap___aeabi_dcmpgt
 .text.__wrap___aeabi_dcmpun
                0x1000663e       0x1c /home/duarte/.arduino15/packages/rp2040/hardware/rp2040/3.7.2/lib/libpico.a(double_aeabi.S.obj)
                0x1000663e                __wrap___aeabi_dcmpun
 *fill*         0x1000665a        0x2 
 .text.__wrap___aeabi_i2d
                0x1000665c       0x38 /home/duarte/.arduino15/packages/rp2040/hardware/rp2040/3.7.2/lib/libpico.a(double_aeabi.S.obj)
                0x1000665c                __wrap___aeabi_ui2d
                0x10006664                __wrap___aeabi_i2d
 .text.__wrap___aeabi_d2iz
                0x10006694       0x48 /home/duarte/.arduino15/packages/rp2040/hardware/rp2040/3.7.2/lib/libpico.a(double_aeabi.S.obj)
                0x10006694                __wrap___aeabi_d2iz
                0x10006694                double2int_z
 .text.__wrap___aeabi_d2uiz
                0x100066dc       0x18 /home/duarte/.arduino15/packages/rp2040/hardware/rp2040/3.7.2/lib/libpico.a(double_aeabi.S.obj)
                0x100066dc                double2uint
                0x100066dc                __wrap___aeabi_d2uiz
 .text.__wrap___aeabi_l2d
                0x100066f4       0x18 /home/duarte/.arduino15/packages/rp2040/hardware/rp2040/3.7.2/lib/libpico.a(double_aeabi.S.obj)
                0x100066f4                __wrap___aeabi_l2d
 .text.__wrap___aeabi_d2lz
                0x1000670c       0x26 /home/duarte/.arduino15/packages/rp2040/hardware/rp2040/3.7.2/lib/libpico.a(double_aeabi.S.obj)
                0x1000670c                __wrap___aeabi_d2lz
                0x1000670c                double2int64_z
 *fill*         0x10006732        0x2 
 .text.double2int64
                0x10006734       0x18 /home/duarte/.arduino15/packages/rp2040/hardware/rp2040/3.7.2/lib/libpico.a(double_aeabi.S.obj)
                0x10006734                double2int64
 .text.double2ufix64
                0x1000674c       0x18 /home/duarte/.arduino15/packages/rp2040/hardware/rp2040/3.7.2/lib/libpico.a(double_aeabi.S.obj)
                0x1000674c                double2ufix64
 .text.__wrap___aeabi_d2f
                0x10006764       0x18 /home/duarte/.arduino15/packages/rp2040/hardware/rp2040/3.7.2/lib/libpico.a(double_aeabi.S.obj)
                0x10006764                __wrap___aeabi_d2f
 .text.__wrap_exp
                0x1000677c       0x18 /home/duarte/.arduino15/packages/rp2040/hardware/rp2040/3.7.2/lib/libpico.a(double_aeabi.S.obj)
                0x1000677c                __wrap_exp
 .text.__wrap_log
                0x10006794       0x18 /home/duarte/.arduino15/packages/rp2040/hardware/rp2040/3.7.2/lib/libpico.a(double_aeabi.S.obj)
                0x10006794                __wrap_log
 .text.__aeabi_double_init
                0x100067ac       0x58 /home/duarte/.arduino15/packages/rp2040/hardware/rp2040/3.7.2/lib/libpico.a(double_init_rom.c.obj)
                0x100067ac                __aeabi_double_init
 .text.dldexp   0x10006804       0x4c /home/duarte/.arduino15/packages/rp2040/hardware/rp2040/3.7.2/lib/libpico.a(double_math.c.obj)
 .text.disoddint
                0x10006850       0x58 /home/duarte/.arduino15/packages/rp2040/hardware/rp2040/3.7.2/lib/libpico.a(double_math.c.obj)
 .text.dpow_int2
                0x100068a8       0x2c /home/duarte/.arduino15/packages/rp2040/hardware/rp2040/3.7.2/lib/libpico.a(double_math.c.obj)
 .text.dpow_1   0x100068d4      0x1bc /home/duarte/.arduino15/packages/rp2040/hardware/rp2040/3.7.2/lib/libpico.a(double_math.c.obj)
 .text.dpow_0   0x10006a90       0xd0 /home/duarte/.arduino15/packages/rp2040/hardware/rp2040/3.7.2/lib/libpico.a(double_math.c.obj)
 .text.__wrap_ldexp
                0x10006b60        0x8 /home/duarte/.arduino15/packages/rp2040/hardware/rp2040/3.7.2/lib/libpico.a(double_math.c.obj)
                0x10006b60                __wrap_ldexp
 .text.__wrap_round
                0x10006b68       0x6c /home/duarte/.arduino15/packages/rp2040/hardware/rp2040/3.7.2/lib/libpico.a(double_math.c.obj)
                0x10006b68                __wrap_round
 .text.__wrap_exp2
                0x10006bd4       0x80 /home/duarte/.arduino15/packages/rp2040/hardware/rp2040/3.7.2/lib/libpico.a(double_math.c.obj)
                0x10006bd4                __wrap_exp2
 .text.__wrap_pow
                0x10006c54      0x154 /home/duarte/.arduino15/packages/rp2040/hardware/rp2040/3.7.2/lib/libpico.a(double_math.c.obj)
                0x10006c54                __wrap_pow
 .text.double_table_shim_on_use_helper
                0x10006da8       0x2c /home/duarte/.arduino15/packages/rp2040/hardware/rp2040/3.7.2/lib/libpico.a(double_v1_rom_shim.S.obj)
                0x10006da8                double_table_shim_on_use_helper
 .text.__wrap___aeabi_dsub
                0x10006dd4       0x10 /home/duarte/.arduino15/packages/rp2040/hardware/rp2040/3.7.2/lib/libpico.a(double_v1_rom_shim.S.obj)
                0x10006dd4                drsub_shim
                0x10006dda                dsub_shim
 .text.dadd_shim
                0x10006de4      0x15c /home/duarte/.arduino15/packages/rp2040/hardware/rp2040/3.7.2/lib/libpico.a(double_v1_rom_shim.S.obj)
                0x10006de4                dadd_shim
 .text.dmul_shim
                0x10006f40      0x15c /home/duarte/.arduino15/packages/rp2040/hardware/rp2040/3.7.2/lib/libpico.a(double_v1_rom_shim.S.obj)
                0x10006f40                dmul_shim
 .text.ddiv_shim
                0x1000709c      0x1b0 /home/duarte/.arduino15/packages/rp2040/hardware/rp2040/3.7.2/lib/libpico.a(double_v1_rom_shim.S.obj)
                0x1000709c                ddiv_shim
 .text.double2uint_shim
                0x1000724c        0xe /home/duarte/.arduino15/packages/rp2040/hardware/rp2040/3.7.2/lib/libpico.a(double_v1_rom_shim.S.obj)
                0x1000724c                double2uint_shim
                0x1000724e                double2ufix_shim
 .text.double2int64_shim
                0x1000725a       0x1a /home/duarte/.arduino15/packages/rp2040/hardware/rp2040/3.7.2/lib/libpico.a(double_v1_rom_shim.S.obj)
                0x1000725a                double2int64_shim
                0x1000725c                double2fix64_shim
 .text.double2uint64_shim
                0x10007274       0x70 /home/duarte/.arduino15/packages/rp2040/hardware/rp2040/3.7.2/lib/libpico.a(double_v1_rom_shim.S.obj)
                0x10007274                double2uint64_shim
                0x10007276                double2ufix64_shim
                0x10007296                d2fix_a
 .text.double2float_shim
                0x100072e4       0x5c /home/duarte/.arduino15/packages/rp2040/hardware/rp2040/3.7.2/lib/libpico.a(double_v1_rom_shim.S.obj)
                0x100072e4                double2float_shim
 .text.x2double_shims
                0x10007340       0x90 /home/duarte/.arduino15/packages/rp2040/hardware/rp2040/3.7.2/lib/libpico.a(double_v1_rom_shim.S.obj)
                0x10007340                uint2double_shim
                0x10007342                ufix2double_shim
                0x10007348                int2double_shim
                0x1000734a                fix2double_shim
                0x10007350                uint642double_shim
                0x10007352                ufix642double_shim
                0x10007358                int642double_shim
                0x1000735a                fix642double_shim
 .text.dunpacks
                0x100073d0       0x3c /home/duarte/.arduino15/packages/rp2040/hardware/rp2040/3.7.2/lib/libpico.a(double_v1_rom_shim.S.obj)
                0x100073d0                dunpacks
 .text.dreduce  0x1000740c       0x82 /home/duarte/.arduino15/packages/rp2040/hardware/rp2040/3.7.2/lib/libpico.a(double_v1_rom_shim.S.obj)
                0x1000740c                dreduce
 *fill*         0x1000748e        0x2 
 .text.dexp_guts
                0x10007490      0x268 /home/duarte/.arduino15/packages/rp2040/hardware/rp2040/3.7.2/lib/libpico.a(double_v1_rom_shim.S.obj)
                0x10007490                dexp_shim
                0x1000752c                dln_shim
 .text.__wrap___aeabi_farithmetic
                0x100076f8       0x48 /home/duarte/.arduino15/packages/rp2040/hardware/rp2040/3.7.2/lib/libpico.a(float_aeabi.S.obj)
                0x100076f8                __wrap___aeabi_frsub
                0x100076fe                __wrap___aeabi_fsub
                0x10007704                __wrap___aeabi_fadd
                0x1000770a                __wrap___aeabi_fdiv
                0x10007732                __wrap___aeabi_fmul
 .text.__wrap___aeabi_cfcmple
                0x10007740       0x50 /home/duarte/.arduino15/packages/rp2040/hardware/rp2040/3.7.2/lib/libpico.a(float_aeabi.S.obj)
                0x10007740                __wrap___aeabi_cfrcmple
                0x1000774c                __wrap___aeabi_cfcmpeq
                0x1000774c                __wrap___aeabi_cfcmple
 .text.__wrap___aeabi_fcmplt
                0x10007790        0xc /home/duarte/.arduino15/packages/rp2040/hardware/rp2040/3.7.2/lib/libpico.a(float_aeabi.S.obj)
                0x10007790                __wrap___aeabi_fcmplt
 .text.__wrap___aeabi_fcmple
                0x1000779c       0x10 /home/duarte/.arduino15/packages/rp2040/hardware/rp2040/3.7.2/lib/libpico.a(float_aeabi.S.obj)
                0x1000779c                __wrap___aeabi_fcmple
 .text.__wrap___aeabi_fcmpge
                0x100077ac       0x10 /home/duarte/.arduino15/packages/rp2040/hardware/rp2040/3.7.2/lib/libpico.a(float_aeabi.S.obj)
                0x100077ac                __wrap___aeabi_fcmpge
 .text.__wrap___aeabi_fcmpgt
                0x100077bc        0xa /home/duarte/.arduino15/packages/rp2040/hardware/rp2040/3.7.2/lib/libpico.a(float_aeabi.S.obj)
                0x100077bc                __wrap___aeabi_fcmpgt
 .text.__wrap___aeabi_fcmpun
                0x100077c6       0x18 /home/duarte/.arduino15/packages/rp2040/hardware/rp2040/3.7.2/lib/libpico.a(float_aeabi.S.obj)
                0x100077c6                __wrap___aeabi_fcmpun
 .text.__wrap___aeabi_ui2f
                0x100077de        0xa /home/duarte/.arduino15/packages/rp2040/hardware/rp2040/3.7.2/lib/libpico.a(float_aeabi.S.obj)
                0x100077de                __wrap___aeabi_ui2f
 .text.__wrap___aeabi_i2f
                0x100077e8       0x44 /home/duarte/.arduino15/packages/rp2040/hardware/rp2040/3.7.2/lib/libpico.a(float_aeabi.S.obj)
                0x100077e8                __wrap___aeabi_i2f
 .text.__wrap___aeabi_f2iz
                0x1000782c       0x4e /home/duarte/.arduino15/packages/rp2040/hardware/rp2040/3.7.2/lib/libpico.a(float_aeabi.S.obj)
                0x1000782c                __wrap___aeabi_f2iz
                0x1000782c                float2int_z
 *fill*         0x1000787a        0x2 
 .text.float2int
                0x1000787c       0x14 /home/duarte/.arduino15/packages/rp2040/hardware/rp2040/3.7.2/lib/libpico.a(float_aeabi.S.obj)
                0x1000787c                float2int
 .text.__wrap___aeabi_f2uiz
                0x10007890        0xc /home/duarte/.arduino15/packages/rp2040/hardware/rp2040/3.7.2/lib/libpico.a(float_aeabi.S.obj)
                0x10007890                __wrap___aeabi_f2uiz
 .text.__wrap___aeabi_f2d
                0x1000789c       0x14 /home/duarte/.arduino15/packages/rp2040/hardware/rp2040/3.7.2/lib/libpico.a(float_aeabi.S.obj)
                0x1000789c                __wrap___aeabi_f2d
 .text.__aeabi_float_init
                0x100078b0       0x5c /home/duarte/.arduino15/packages/rp2040/hardware/rp2040/3.7.2/lib/libpico.a(float_init_rom.c.obj)
                0x100078b0                __aeabi_float_init
 .text.float_table_shim_on_use_helper
                0x1000790c       0x2c /home/duarte/.arduino15/packages/rp2040/hardware/rp2040/3.7.2/lib/libpico.a(float_v1_rom_shim.S.obj)
                0x1000790c                float_table_shim_on_use_helper
 .text.float232_shims
                0x10007938       0x18 /home/duarte/.arduino15/packages/rp2040/hardware/rp2040/3.7.2/lib/libpico.a(float_v1_rom_shim.S.obj)
                0x10007938                float2int_shim
                0x1000793a                float2fix_shim
 .text.float2double_shim
                0x10007950       0x30 /home/duarte/.arduino15/packages/rp2040/hardware/rp2040/3.7.2/lib/libpico.a(float_v1_rom_shim.S.obj)
                0x10007950                float2double_shim
 .text.__aeabi_lmul
                0x10007980       0x32 /home/duarte/.arduino15/packages/rp2040/hardware/rp2040/3.7.2/lib/libpico.a(pico_int64_ops_aeabi.S.obj)
                0x10007980                __wrap___aeabi_lmul
 *fill*         0x100079b2        0x2 
 .text          0x100079b4       0x10 /home/duarte/.arduino15/packages/rp2040/hardware/rp2040/3.7.2/lib/libpico.a(mem_ops_aeabi.S.obj)
                0x100079b4                __aeabi_mem_init
 .text.memset   0x100079c4        0xc /home/duarte/.arduino15/packages/rp2040/hardware/rp2040/3.7.2/lib/libpico.a(mem_ops_aeabi.S.obj)
                0x100079c4                __wrap_memset
 .text.memcpy   0x100079d0        0xc /home/duarte/.arduino15/packages/rp2040/hardware/rp2040/3.7.2/lib/libpico.a(mem_ops_aeabi.S.obj)
                0x100079d0                __wrap___aeabi_memcpy
                0x100079d0                __wrap_memcpy
 .text.multicore_fifo_pop_blocking_inline
                0x100079dc       0x14 /home/duarte/.arduino15/packages/rp2040/hardware/rp2040/3.7.2/lib/libpico.a(multicore.c.obj)
 .text.core1_trampoline
                0x100079f0        0x2 /home/duarte/.arduino15/packages/rp2040/hardware/rp2040/3.7.2/lib/libpico.a(multicore.c.obj)
 .text.core1_wrapper
                0x100079f2        0xc /home/duarte/.arduino15/packages/rp2040/hardware/rp2040/3.7.2/lib/libpico.a(multicore.c.obj)
                0x100079f2                core1_wrapper
 .text.multicore_fifo_push_blocking_inline
                0x100079fe       0x12 /home/duarte/.arduino15/packages/rp2040/hardware/rp2040/3.7.2/lib/libpico.a(multicore.c.obj)
 .text.multicore_fifo_pop_blocking
                0x10007a10        0x8 /home/duarte/.arduino15/packages/rp2040/hardware/rp2040/3.7.2/lib/libpico.a(multicore.c.obj)
                0x10007a10                multicore_fifo_pop_blocking
 .text.multicore_launch_core1_raw
                0x10007a18       0x6a /home/duarte/.arduino15/packages/rp2040/hardware/rp2040/3.7.2/lib/libpico.a(multicore.c.obj)
                0x10007a18                multicore_launch_core1_raw
 *fill*         0x10007a82        0x2 
 .text.multicore_launch_core1_with_stack
                0x10007a84       0x34 /home/duarte/.arduino15/packages/rp2040/hardware/rp2040/3.7.2/lib/libpico.a(multicore.c.obj)
                0x10007a84                multicore_launch_core1_with_stack
 .text.multicore_launch_core1
                0x10007ab8       0x20 /home/duarte/.arduino15/packages/rp2040/hardware/rp2040/3.7.2/lib/libpico.a(multicore.c.obj)
                0x10007ab8                multicore_launch_core1
 .text.startup._retrieve_unique_id_on_boot
                0x10007ad8       0x10 /home/duarte/.arduino15/packages/rp2040/hardware/rp2040/3.7.2/lib/libpico.a(unique_id.c.obj)
 .text.pico_get_unique_board_id_string
                0x10007ae8       0x3c /home/duarte/.arduino15/packages/rp2040/hardware/rp2040/3.7.2/lib/libpico.a(unique_id.c.obj)
                0x10007ae8                pico_get_unique_board_id_string
 .text.runtime_init
                0x10007b24       0xcc /home/duarte/.arduino15/packages/rp2040/hardware/rp2040/3.7.2/lib/libpico.a(runtime.c.obj)
                0x10007b24                runtime_init
 .text._exit    0x10007bf0        0x4 /home/duarte/.arduino15/packages/rp2040/hardware/rp2040/3.7.2/lib/libpico.a(runtime.c.obj)
                0x10007bf0                _exit
 .text._sbrk    0x10007bf4       0x30 /home/duarte/.arduino15/packages/rp2040/hardware/rp2040/3.7.2/lib/libpico.a(runtime.c.obj)
                0x10007bf4                _sbrk
 .text.exit     0x10007c24        0x6 /home/duarte/.arduino15/packages/rp2040/hardware/rp2040/3.7.2/lib/libpico.a(runtime.c.obj)
                0x10007c24                exit
 *fill*         0x10007c2a        0x2 
 .text.__assert_func
                0x10007c2c       0x34 /home/duarte/.arduino15/packages/rp2040/hardware/rp2040/3.7.2/lib/libpico.a(runtime.c.obj)
                0x10007c2c                __assert_func
 .text.panic    0x10007c60       0x30 /home/duarte/.arduino15/packages/rp2040/hardware/rp2040/3.7.2/lib/libpico.a(runtime.c.obj)
                0x10007c60                panic
 .text.hard_assertion_failure
                0x10007c90        0xc /home/duarte/.arduino15/packages/rp2040/hardware/rp2040/3.7.2/lib/libpico.a(runtime.c.obj)
                0x10007c90                hard_assertion_failure
 .text._Znwj    0x10007c9c        0x8 /home/duarte/.arduino15/packages/rp2040/hardware/rp2040/3.7.2/lib/libpico.a(new_delete.cpp.obj)
                0x10007c9c                _Znwj
 .text.set_sys_clock_pll
                0x10007ca4       0x78 /home/duarte/.arduino15/packages/rp2040/hardware/rp2040/3.7.2/lib/libpico.a(stdlib.c.obj)
                0x10007ca4                set_sys_clock_pll
 .text.check_sys_clock_khz
                0x10007d1c       0x78 /home/duarte/.arduino15/packages/rp2040/hardware/rp2040/3.7.2/lib/libpico.a(stdlib.c.obj)
                0x10007d1c                check_sys_clock_khz
 .text.critical_section_exit
                0x10007d94       0x10 /home/duarte/.arduino15/packages/rp2040/hardware/rp2040/3.7.2/lib/libpico.a(usbd.c.obj)
 .text.get_driver
                0x10007da4       0x40 /home/duarte/.arduino15/packages/rp2040/hardware/rp2040/3.7.2/lib/libpico.a(usbd.c.obj)
 .text.critical_section_enter_blocking
                0x10007de4       0x16 /home/duarte/.arduino15/packages/rp2040/hardware/rp2040/3.7.2/lib/libpico.a(usbd.c.obj)
 .text.invoke_class_control
                0x10007dfa       0x1a /home/duarte/.arduino15/packages/rp2040/hardware/rp2040/3.7.2/lib/libpico.a(usbd.c.obj)
 .text.configuration_reset
                0x10007e14       0x54 /home/duarte/.arduino15/packages/rp2040/hardware/rp2040/3.7.2/lib/libpico.a(usbd.c.obj)
 .text.tud_mounted
                0x10007e68       0x10 /home/duarte/.arduino15/packages/rp2040/hardware/rp2040/3.7.2/lib/libpico.a(usbd.c.obj)
                0x10007e68                tud_mounted
 .text.tud_suspended
                0x10007e78       0x10 /home/duarte/.arduino15/packages/rp2040/hardware/rp2040/3.7.2/lib/libpico.a(usbd.c.obj)
                0x10007e78                tud_suspended
 .text.tud_inited
                0x10007e88       0x14 /home/duarte/.arduino15/packages/rp2040/hardware/rp2040/3.7.2/lib/libpico.a(usbd.c.obj)
                0x10007e88                tud_inited
 .text.tud_init
                0x10007e9c       0x9c /home/duarte/.arduino15/packages/rp2040/hardware/rp2040/3.7.2/lib/libpico.a(usbd.c.obj)
                0x10007e9c                tud_init
 .text.usbd_edpt_open
                0x10007f38       0x34 /home/duarte/.arduino15/packages/rp2040/hardware/rp2040/3.7.2/lib/libpico.a(usbd.c.obj)
                0x10007f38                usbd_edpt_open
 .text.usbd_open_edpt_pair
                0x10007f6c       0x4c /home/duarte/.arduino15/packages/rp2040/hardware/rp2040/3.7.2/lib/libpico.a(usbd.c.obj)
                0x10007f6c                usbd_open_edpt_pair
 .text.usbd_edpt_claim
                0x10007fb8       0x24 /home/duarte/.arduino15/packages/rp2040/hardware/rp2040/3.7.2/lib/libpico.a(usbd.c.obj)
                0x10007fb8                usbd_edpt_claim
 .text.usbd_edpt_release
                0x10007fdc       0x24 /home/duarte/.arduino15/packages/rp2040/hardware/rp2040/3.7.2/lib/libpico.a(usbd.c.obj)
                0x10007fdc                usbd_edpt_release
 .text.usbd_edpt_xfer
                0x10008000       0x48 /home/duarte/.arduino15/packages/rp2040/hardware/rp2040/3.7.2/lib/libpico.a(usbd.c.obj)
                0x10008000                usbd_edpt_xfer
 .text.usbd_edpt_busy
                0x10008048       0x1c /home/duarte/.arduino15/packages/rp2040/hardware/rp2040/3.7.2/lib/libpico.a(usbd.c.obj)
                0x10008048                usbd_edpt_busy
 .text.usbd_edpt_stall
                0x10008064       0x3c /home/duarte/.arduino15/packages/rp2040/hardware/rp2040/3.7.2/lib/libpico.a(usbd.c.obj)
                0x10008064                usbd_edpt_stall
 .text.usbd_edpt_clear_stall
                0x100080a0       0x3c /home/duarte/.arduino15/packages/rp2040/hardware/rp2040/3.7.2/lib/libpico.a(usbd.c.obj)
                0x100080a0                usbd_edpt_clear_stall
 .text.usbd_edpt_stalled
                0x100080dc       0x1c /home/duarte/.arduino15/packages/rp2040/hardware/rp2040/3.7.2/lib/libpico.a(usbd.c.obj)
                0x100080dc                usbd_edpt_stalled
 .text.tud_task_ext
                0x100080f8      0x528 /home/duarte/.arduino15/packages/rp2040/hardware/rp2040/3.7.2/lib/libpico.a(usbd.c.obj)
                0x100080f8                tud_task_ext
 .text._data_stage_xact
                0x10008620       0x58 /home/duarte/.arduino15/packages/rp2040/hardware/rp2040/3.7.2/lib/libpico.a(usbd_control.c.obj)
 .text._status_stage_xact.isra.0
                0x10008678       0x12 /home/duarte/.arduino15/packages/rp2040/hardware/rp2040/3.7.2/lib/libpico.a(usbd_control.c.obj)
 *fill*         0x1000868a        0x2 
 .text.tud_control_status
                0x1000868c       0x24 /home/duarte/.arduino15/packages/rp2040/hardware/rp2040/3.7.2/lib/libpico.a(usbd_control.c.obj)
                0x1000868c                tud_control_status
 .text.tud_control_xfer
                0x100086b0       0x50 /home/duarte/.arduino15/packages/rp2040/hardware/rp2040/3.7.2/lib/libpico.a(usbd_control.c.obj)
                0x100086b0                tud_control_xfer
 .text.usbd_control_reset
                0x10008700       0x14 /home/duarte/.arduino15/packages/rp2040/hardware/rp2040/3.7.2/lib/libpico.a(usbd_control.c.obj)
                0x10008700                usbd_control_reset
 .text.usbd_control_set_complete_callback
                0x10008714        0xc /home/duarte/.arduino15/packages/rp2040/hardware/rp2040/3.7.2/lib/libpico.a(usbd_control.c.obj)
                0x10008714                usbd_control_set_complete_callback
 .text.usbd_control_set_request
                0x10008720       0x1c /home/duarte/.arduino15/packages/rp2040/hardware/rp2040/3.7.2/lib/libpico.a(usbd_control.c.obj)
                0x10008720                usbd_control_set_request
 .text.usbd_control_xfer_cb
                0x1000873c       0xa4 /home/duarte/.arduino15/packages/rp2040/hardware/rp2040/3.7.2/lib/libpico.a(usbd_control.c.obj)
                0x1000873c                usbd_control_xfer_cb
 .text._prep_out_transaction.isra.0
                0x100087e0       0x42 /home/duarte/.arduino15/packages/rp2040/hardware/rp2040/3.7.2/lib/libpico.a(cdc_device.c.obj)
 *fill*         0x10008822        0x2 
 .text.tud_cdc_n_connected
                0x10008824       0x30 /home/duarte/.arduino15/packages/rp2040/hardware/rp2040/3.7.2/lib/libpico.a(cdc_device.c.obj)
                0x10008824                tud_cdc_n_connected
 .text.tud_cdc_n_available
                0x10008854       0x18 /home/duarte/.arduino15/packages/rp2040/hardware/rp2040/3.7.2/lib/libpico.a(cdc_device.c.obj)
                0x10008854                tud_cdc_n_available
 .text.tud_cdc_n_read
                0x1000886c       0x28 /home/duarte/.arduino15/packages/rp2040/hardware/rp2040/3.7.2/lib/libpico.a(cdc_device.c.obj)
                0x1000886c                tud_cdc_n_read
 .text.tud_cdc_n_peek
                0x10008894       0x18 /home/duarte/.arduino15/packages/rp2040/hardware/rp2040/3.7.2/lib/libpico.a(cdc_device.c.obj)
                0x10008894                tud_cdc_n_peek
 .text.tud_cdc_n_write_flush
                0x100088ac       0x78 /home/duarte/.arduino15/packages/rp2040/hardware/rp2040/3.7.2/lib/libpico.a(cdc_device.c.obj)
                0x100088ac                tud_cdc_n_write_flush
 .text.tud_cdc_n_write
                0x10008924       0x30 /home/duarte/.arduino15/packages/rp2040/hardware/rp2040/3.7.2/lib/libpico.a(cdc_device.c.obj)
                0x10008924                tud_cdc_n_write
 .text.tud_cdc_n_write_available
                0x10008954       0x18 /home/duarte/.arduino15/packages/rp2040/hardware/rp2040/3.7.2/lib/libpico.a(cdc_device.c.obj)
                0x10008954                tud_cdc_n_write_available
 .text.cdcd_init
                0x1000896c       0x7c /home/duarte/.arduino15/packages/rp2040/hardware/rp2040/3.7.2/lib/libpico.a(cdc_device.c.obj)
                0x1000896c                cdcd_init
 .text.cdcd_reset
                0x100089e8       0x30 /home/duarte/.arduino15/packages/rp2040/hardware/rp2040/3.7.2/lib/libpico.a(cdc_device.c.obj)
                0x100089e8                cdcd_reset
 .text.cdcd_open
                0x10008a18       0xa0 /home/duarte/.arduino15/packages/rp2040/hardware/rp2040/3.7.2/lib/libpico.a(cdc_device.c.obj)
                0x10008a18                cdcd_open
 .text.cdcd_control_xfer_cb
                0x10008ab8       0xd8 /home/duarte/.arduino15/packages/rp2040/hardware/rp2040/3.7.2/lib/libpico.a(cdc_device.c.obj)
                0x10008ab8                cdcd_control_xfer_cb
 .text.cdcd_xfer_cb
                0x10008b90       0xec /home/duarte/.arduino15/packages/rp2040/hardware/rp2040/3.7.2/lib/libpico.a(cdc_device.c.obj)
                0x10008b90                cdcd_xfer_cb
 .text.hidd_reset
                0x10008c7c       0x14 /home/duarte/.arduino15/packages/rp2040/hardware/rp2040/3.7.2/lib/libpico.a(hid_device.c.obj)
                0x10008c7c                hidd_reset
 .text.hidd_init
                0x10008c90        0xa /home/duarte/.arduino15/packages/rp2040/hardware/rp2040/3.7.2/lib/libpico.a(hid_device.c.obj)
                0x10008c90                hidd_init
 *fill*         0x10008c9a        0x2 
 .text.hidd_open
                0x10008c9c       0xb4 /home/duarte/.arduino15/packages/rp2040/hardware/rp2040/3.7.2/lib/libpico.a(hid_device.c.obj)
                0x10008c9c                hidd_open
 .text.hidd_control_xfer_cb
                0x10008d50      0x1e0 /home/duarte/.arduino15/packages/rp2040/hardware/rp2040/3.7.2/lib/libpico.a(hid_device.c.obj)
                0x10008d50                hidd_control_xfer_cb
 .text.hidd_xfer_cb
                0x10008f30       0x7c /home/duarte/.arduino15/packages/rp2040/hardware/rp2040/3.7.2/lib/libpico.a(hid_device.c.obj)
                0x10008f30                hidd_xfer_cb
 .text.fail_scsi_op.constprop.0
                0x10008fac       0x54 /home/duarte/.arduino15/packages/rp2040/hardware/rp2040/3.7.2/lib/libpico.a(msc_device.c.obj)
 .text.proc_write10_cmd.constprop.0
                0x10009000       0x54 /home/duarte/.arduino15/packages/rp2040/hardware/rp2040/3.7.2/lib/libpico.a(msc_device.c.obj)
 .text.proc_read10_cmd.constprop.0
                0x10009054       0xb0 /home/duarte/.arduino15/packages/rp2040/hardware/rp2040/3.7.2/lib/libpico.a(msc_device.c.obj)
 .text.rdwr10_validate_cmd
                0x10009104       0x58 /home/duarte/.arduino15/packages/rp2040/hardware/rp2040/3.7.2/lib/libpico.a(msc_device.c.obj)
                0x10009104                rdwr10_validate_cmd
 .text.mscd_init
                0x1000915c       0x14 /home/duarte/.arduino15/packages/rp2040/hardware/rp2040/3.7.2/lib/libpico.a(msc_device.c.obj)
                0x1000915c                mscd_init
 .text.mscd_reset
                0x10009170       0x14 /home/duarte/.arduino15/packages/rp2040/hardware/rp2040/3.7.2/lib/libpico.a(msc_device.c.obj)
                0x10009170                mscd_reset
 .text.mscd_open
                0x10009184       0x68 /home/duarte/.arduino15/packages/rp2040/hardware/rp2040/3.7.2/lib/libpico.a(msc_device.c.obj)
                0x10009184                mscd_open
 .text.mscd_control_xfer_cb
                0x100091ec      0x130 /home/duarte/.arduino15/packages/rp2040/hardware/rp2040/3.7.2/lib/libpico.a(msc_device.c.obj)
                0x100091ec                mscd_control_xfer_cb
 .text.mscd_xfer_cb
                0x1000931c      0x4e8 /home/duarte/.arduino15/packages/rp2040/hardware/rp2040/3.7.2/lib/libpico.a(msc_device.c.obj)
                0x1000931c                mscd_xfer_cb
 .text.tusb_init
                0x10009804        0xa /home/duarte/.arduino15/packages/rp2040/hardware/rp2040/3.7.2/lib/libpico.a(tusb.c.obj)
                0x10009804                tusb_init
 .text.tusb_inited
                0x1000980e        0x8 /home/duarte/.arduino15/packages/rp2040/hardware/rp2040/3.7.2/lib/libpico.a(tusb.c.obj)
                0x1000980e                tusb_inited
 .text.tu_edpt_claim
                0x10009816       0x50 /home/duarte/.arduino15/packages/rp2040/hardware/rp2040/3.7.2/lib/libpico.a(tusb.c.obj)
                0x10009816                tu_edpt_claim
 .text.tu_edpt_release
                0x10009866       0x36 /home/duarte/.arduino15/packages/rp2040/hardware/rp2040/3.7.2/lib/libpico.a(tusb.c.obj)
                0x10009866                tu_edpt_release
 .text.tu_edpt_validate
                0x1000989c       0x60 /home/duarte/.arduino15/packages/rp2040/hardware/rp2040/3.7.2/lib/libpico.a(tusb.c.obj)
                0x1000989c                tu_edpt_validate
 .text.tu_edpt_bind_driver
                0x100098fc       0x26 /home/duarte/.arduino15/packages/rp2040/hardware/rp2040/3.7.2/lib/libpico.a(tusb.c.obj)
                0x100098fc                tu_edpt_bind_driver
 .text.advance_index
                0x10009922       0x16 /home/duarte/.arduino15/packages/rp2040/hardware/rp2040/3.7.2/lib/libpico.a(tusb_fifo.c.obj)
 .text._tu_fifo_peek
                0x10009938       0x4c /home/duarte/.arduino15/packages/rp2040/hardware/rp2040/3.7.2/lib/libpico.a(tusb_fifo.c.obj)
 .text._ff_pull_const_addr
                0x10009984       0x58 /home/duarte/.arduino15/packages/rp2040/hardware/rp2040/3.7.2/lib/libpico.a(tusb_fifo.c.obj)
 .text._tu_fifo_peek_n
                0x100099dc      0x11e /home/duarte/.arduino15/packages/rp2040/hardware/rp2040/3.7.2/lib/libpico.a(tusb_fifo.c.obj)
 .text._tu_fifo_read_n
                0x10009afa       0x4a /home/duarte/.arduino15/packages/rp2040/hardware/rp2040/3.7.2/lib/libpico.a(tusb_fifo.c.obj)
 .text._ff_push_const_addr
                0x10009b44       0x48 /home/duarte/.arduino15/packages/rp2040/hardware/rp2040/3.7.2/lib/libpico.a(tusb_fifo.c.obj)
 .text._tu_fifo_write_n.part.0
                0x10009b8c      0x1a0 /home/duarte/.arduino15/packages/rp2040/hardware/rp2040/3.7.2/lib/libpico.a(tusb_fifo.c.obj)
 .text.tu_fifo_config
                0x10009d2c       0x64 /home/duarte/.arduino15/packages/rp2040/hardware/rp2040/3.7.2/lib/libpico.a(tusb_fifo.c.obj)
                0x10009d2c                tu_fifo_config
 .text.tu_fifo_count
                0x10009d90       0x28 /home/duarte/.arduino15/packages/rp2040/hardware/rp2040/3.7.2/lib/libpico.a(tusb_fifo.c.obj)
                0x10009d90                tu_fifo_count
 .text.tu_fifo_empty
                0x10009db8        0xe /home/duarte/.arduino15/packages/rp2040/hardware/rp2040/3.7.2/lib/libpico.a(tusb_fifo.c.obj)
                0x10009db8                tu_fifo_empty
 .text.tu_fifo_full
                0x10009dc6       0x26 /home/duarte/.arduino15/packages/rp2040/hardware/rp2040/3.7.2/lib/libpico.a(tusb_fifo.c.obj)
                0x10009dc6                tu_fifo_full
 .text.tu_fifo_remaining
                0x10009dec       0x28 /home/duarte/.arduino15/packages/rp2040/hardware/rp2040/3.7.2/lib/libpico.a(tusb_fifo.c.obj)
                0x10009dec                tu_fifo_remaining
 .text.tu_fifo_read
                0x10009e14       0x42 /home/duarte/.arduino15/packages/rp2040/hardware/rp2040/3.7.2/lib/libpico.a(tusb_fifo.c.obj)
                0x10009e14                tu_fifo_read
 .text.tu_fifo_read_n
                0x10009e56        0xa /home/duarte/.arduino15/packages/rp2040/hardware/rp2040/3.7.2/lib/libpico.a(tusb_fifo.c.obj)
                0x10009e56                tu_fifo_read_n
 .text.tu_fifo_peek
                0x10009e60       0x34 /home/duarte/.arduino15/packages/rp2040/hardware/rp2040/3.7.2/lib/libpico.a(tusb_fifo.c.obj)
                0x10009e60                tu_fifo_peek
 .text.tu_fifo_write
                0x10009e94       0x64 /home/duarte/.arduino15/packages/rp2040/hardware/rp2040/3.7.2/lib/libpico.a(tusb_fifo.c.obj)
                0x10009e94                tu_fifo_write
 .text.tu_fifo_write_n
                0x10009ef8       0x12 /home/duarte/.arduino15/packages/rp2040/hardware/rp2040/3.7.2/lib/libpico.a(tusb_fifo.c.obj)
                0x10009ef8                tu_fifo_write_n
 .text.tu_fifo_clear
                0x10009f0a       0x3e /home/duarte/.arduino15/packages/rp2040/hardware/rp2040/3.7.2/lib/libpico.a(tusb_fifo.c.obj)
                0x10009f0a                tu_fifo_clear
 .text.tu_fifo_set_overwritable
                0x10009f48       0x46 /home/duarte/.arduino15/packages/rp2040/hardware/rp2040/3.7.2/lib/libpico.a(tusb_fifo.c.obj)
                0x10009f48                tu_fifo_set_overwritable
 *fill*         0x10009f8e        0x2 
 .text.running_on_fpga
                0x10009f90       0x10 /home/duarte/.arduino15/packages/rp2040/hardware/rp2040/3.7.2/lib/libpico.a(platform.c.obj)
                0x10009f90                running_on_fpga
 .text.hw_claim_lock
                0x10009fa0       0x18 /home/duarte/.arduino15/packages/rp2040/hardware/rp2040/3.7.2/lib/libpico.a(claim.c.obj)
                0x10009fa0                hw_claim_lock
 .text.hw_claim_unlock
                0x10009fb8       0x14 /home/duarte/.arduino15/packages/rp2040/hardware/rp2040/3.7.2/lib/libpico.a(claim.c.obj)
                0x10009fb8                hw_claim_unlock
 .text.hw_is_claimed
                0x10009fcc       0x16 /home/duarte/.arduino15/packages/rp2040/hardware/rp2040/3.7.2/lib/libpico.a(claim.c.obj)
                0x10009fcc                hw_is_claimed
 .text.hw_claim_or_assert
                0x10009fe2       0x3a /home/duarte/.arduino15/packages/rp2040/hardware/rp2040/3.7.2/lib/libpico.a(claim.c.obj)
                0x10009fe2                hw_claim_or_assert
 .text.hw_claim_unused_from_range
                0x1000a01c       0x52 /home/duarte/.arduino15/packages/rp2040/hardware/rp2040/3.7.2/lib/libpico.a(claim.c.obj)
                0x1000a01c                hw_claim_unused_from_range
 *fill*         0x1000a06e        0x2 
 .text.lock_init
                0x1000a070       0x10 /home/duarte/.arduino15/packages/rp2040/hardware/rp2040/3.7.2/lib/libpico.a(lock_core.c.obj)
                0x1000a070                lock_init
 .text.critical_section_init_with_lock_num
                0x1000a080       0x14 /home/duarte/.arduino15/packages/rp2040/hardware/rp2040/3.7.2/lib/libpico.a(critical_section.c.obj)
                0x1000a080                critical_section_init_with_lock_num
 .text.critical_section_init
                0x1000a094       0x14 /home/duarte/.arduino15/packages/rp2040/hardware/rp2040/3.7.2/lib/libpico.a(critical_section.c.obj)
                0x1000a094                critical_section_init
 .text.flash_get_unique_id
                0x1000a0a8       0x42 /home/duarte/.arduino15/packages/rp2040/hardware/rp2040/3.7.2/lib/libpico.a(flash.c.obj)
                0x1000a0a8                flash_get_unique_id
 *fill*         0x1000a0ea        0x2 
 .text.hw_endpoint_init
                0x1000a0ec       0xd8 /home/duarte/.arduino15/packages/rp2040/hardware/rp2040/3.7.2/lib/libpico.a(dcd_rp2040.c.obj)
 .text.dcd_int_enable
                0x1000a1c4        0xc /home/duarte/.arduino15/packages/rp2040/hardware/rp2040/3.7.2/lib/libpico.a(dcd_rp2040.c.obj)
                0x1000a1c4                dcd_int_enable
 .text.dcd_set_address
                0x1000a1d0       0x14 /home/duarte/.arduino15/packages/rp2040/hardware/rp2040/3.7.2/lib/libpico.a(dcd_rp2040.c.obj)
                0x1000a1d0                dcd_set_address
 .text.dcd_connect
                0x1000a1e4       0x10 /home/duarte/.arduino15/packages/rp2040/hardware/rp2040/3.7.2/lib/libpico.a(dcd_rp2040.c.obj)
                0x1000a1e4                dcd_connect
 .text.dcd_init
                0x1000a1f4       0x64 /home/duarte/.arduino15/packages/rp2040/hardware/rp2040/3.7.2/lib/libpico.a(dcd_rp2040.c.obj)
                0x1000a1f4                dcd_init
 .text.dcd_edpt0_status_complete
                0x1000a258       0x18 /home/duarte/.arduino15/packages/rp2040/hardware/rp2040/3.7.2/lib/libpico.a(dcd_rp2040.c.obj)
                0x1000a258                dcd_edpt0_status_complete
 .text.dcd_edpt_open
                0x1000a270       0x20 /home/duarte/.arduino15/packages/rp2040/hardware/rp2040/3.7.2/lib/libpico.a(dcd_rp2040.c.obj)
                0x1000a270                dcd_edpt_open
 .text.dcd_edpt_close_all
                0x1000a290        0x8 /home/duarte/.arduino15/packages/rp2040/hardware/rp2040/3.7.2/lib/libpico.a(dcd_rp2040.c.obj)
                0x1000a290                dcd_edpt_close_all
 .text.dcd_edpt_xfer
                0x1000a298       0x24 /home/duarte/.arduino15/packages/rp2040/hardware/rp2040/3.7.2/lib/libpico.a(dcd_rp2040.c.obj)
                0x1000a298                dcd_edpt_xfer
 .text.dcd_edpt_stall
                0x1000a2bc       0x34 /home/duarte/.arduino15/packages/rp2040/hardware/rp2040/3.7.2/lib/libpico.a(dcd_rp2040.c.obj)
                0x1000a2bc                dcd_edpt_stall
 .text.dcd_edpt_clear_stall
                0x1000a2f0       0x2c /home/duarte/.arduino15/packages/rp2040/hardware/rp2040/3.7.2/lib/libpico.a(dcd_rp2040.c.obj)
                0x1000a2f0                dcd_edpt_clear_stall
 .text.rp2040_usb_init
                0x1000a31c       0x4c /home/duarte/.arduino15/packages/rp2040/hardware/rp2040/3.7.2/lib/libpico.a(rp2040_usb.c.obj)
                0x1000a31c                rp2040_usb_init
 .text.hw_endpoint_xfer_start
                0x1000a368       0x3c /home/duarte/.arduino15/packages/rp2040/hardware/rp2040/3.7.2/lib/libpico.a(rp2040_usb.c.obj)
                0x1000a368                hw_endpoint_xfer_start
 .text._ZStL23local_Rb_tree_decrementPSt18_Rb_tree_node_base
                0x1000a3a4       0x32 /home/duarte/.arduino15/packages/rp2040/tools/pqt-gcc/2.2.0-d04e724/bin/../lib/gcc/arm-none-eabi/12.3.0/../../../../arm-none-eabi/lib/thumb/libstdc++.a(tree.o)
 .text._ZStL25local_Rb_tree_rotate_leftPSt18_Rb_tree_node_baseRS0_
                0x1000a3d6       0x2e /home/duarte/.arduino15/packages/rp2040/tools/pqt-gcc/2.2.0-d04e724/bin/../lib/gcc/arm-none-eabi/12.3.0/../../../../arm-none-eabi/lib/thumb/libstdc++.a(tree.o)
 .text._ZStL26local_Rb_tree_rotate_rightPSt18_Rb_tree_node_baseRS0_
                0x1000a404       0x2e /home/duarte/.arduino15/packages/rp2040/tools/pqt-gcc/2.2.0-d04e724/bin/../lib/gcc/arm-none-eabi/12.3.0/../../../../arm-none-eabi/lib/thumb/libstdc++.a(tree.o)
 .text._ZSt18_Rb_tree_decrementPSt18_Rb_tree_node_base
                0x1000a432        0x8 /home/duarte/.arduino15/packages/rp2040/tools/pqt-gcc/2.2.0-d04e724/bin/../lib/gcc/arm-none-eabi/12.3.0/../../../../arm-none-eabi/lib/thumb/libstdc++.a(tree.o)
                0x1000a432                _ZSt18_Rb_tree_decrementPSt18_Rb_tree_node_base
 .text._ZSt29_Rb_tree_insert_and_rebalancebPSt18_Rb_tree_node_baseS0_RS_
                0x1000a43a       0xc6 /home/duarte/.arduino15/packages/rp2040/tools/pqt-gcc/2.2.0-d04e724/bin/../lib/gcc/arm-none-eabi/12.3.0/../../../../arm-none-eabi/lib/thumb/libstdc++.a(tree.o)
                0x1000a43a                _ZSt29_Rb_tree_insert_and_rebalancebPSt18_Rb_tree_node_baseS0_RS_
 .text          0x1000a500       0x14 /home/duarte/.arduino15/packages/rp2040/tools/pqt-gcc/2.2.0-d04e724/bin/../lib/gcc/arm-none-eabi/12.3.0/../../../../arm-none-eabi/lib/thumb/libc.a(lib_a-calloc.o)
                0x1000a500                calloc
 .text          0x1000a514       0x9a /home/duarte/.arduino15/packages/rp2040/tools/pqt-gcc/2.2.0-d04e724/bin/../lib/gcc/arm-none-eabi/12.3.0/../../../../arm-none-eabi/lib/thumb/libc.a(lib_a-callocr.o)
                0x1000a514                _calloc_r
 .text          0x1000a5ae        0x8 /home/duarte/.arduino15/packages/rp2040/tools/pqt-gcc/2.2.0-d04e724/bin/../lib/gcc/arm-none-eabi/12.3.0/../../../../arm-none-eabi/lib/thumb/libc.a(lib_a-errno.o)
                0x1000a5ae                __errno
 *fill*         0x1000a5b6        0x2 
 .text          0x1000a5b8      0x238 /home/duarte/.arduino15/packages/rp2040/tools/pqt-gcc/2.2.0-d04e724/bin/../lib/gcc/arm-none-eabi/12.3.0/../../../../arm-none-eabi/lib/thumb/libc.a(lib_a-findfp.o)
                0x1000a600                _cleanup_r
                0x1000a640                __sfmoreglue
                0x1000a66c                _cleanup
                0x1000a67c                __sfp_lock_acquire
                0x1000a68c                __sfp_lock_release
                0x1000a69c                __sinit_lock_acquire
                0x1000a6ac                __sinit_lock_release
                0x1000a6bc                __sinit
                0x1000a730                __sfp
                0x1000a7c0                __fp_lock_all
                0x1000a7d8                __fp_unlock_all
 .text          0x1000a7f0       0x70 /home/duarte/.arduino15/packages/rp2040/tools/pqt-gcc/2.2.0-d04e724/bin/../lib/gcc/arm-none-eabi/12.3.0/../../../../arm-none-eabi/lib/thumb/libc.a(lib_a-fwalk.o)
                0x1000a7f0                _fwalk
                0x1000a826                _fwalk_reent
 .text          0x1000a860       0x20 /home/duarte/.arduino15/packages/rp2040/tools/pqt-gcc/2.2.0-d04e724/bin/../lib/gcc/arm-none-eabi/12.3.0/../../../../arm-none-eabi/lib/thumb/libc.a(lib_a-malloc.o)
                0x1000a860                malloc
                0x1000a870                free
 .text          0x1000a880      0x430 /home/duarte/.arduino15/packages/rp2040/tools/pqt-gcc/2.2.0-d04e724/bin/../lib/gcc/arm-none-eabi/12.3.0/../../../../arm-none-eabi/lib/thumb/libc.a(lib_a-mallocr.o)
                0x1000a880                _malloc_r
 .text          0x1000acb0       0x20 /home/duarte/.arduino15/packages/rp2040/tools/pqt-gcc/2.2.0-d04e724/bin/../lib/gcc/arm-none-eabi/12.3.0/../../../../arm-none-eabi/lib/thumb/libc.a(lib_a-mlock.o)
                0x1000acb0                __malloc_lock
                0x1000acc0                __malloc_unlock
 .text          0x1000acd0      0x5c4 /home/duarte/.arduino15/packages/rp2040/tools/pqt-gcc/2.2.0-d04e724/bin/../lib/gcc/arm-none-eabi/12.3.0/../../../../arm-none-eabi/lib/thumb/libc.a(lib_a-nano-vfprintf_float.o)
                0x1000acd0                __cvt
                0x1000ada4                __exponent
                0x1000ae24                _printf_float
 .text          0x1000b294      0x428 /home/duarte/.arduino15/packages/rp2040/tools/pqt-gcc/2.2.0-d04e724/bin/../lib/gcc/arm-none-eabi/12.3.0/../../../../arm-none-eabi/lib/thumb/libc.a(lib_a-nano-vfprintf_i.o)
                0x1000b294                _printf_common
                0x1000b372                _printf_i
 .text          0x1000b6bc      0x41c /home/duarte/.arduino15/packages/rp2040/tools/pqt-gcc/2.2.0-d04e724/bin/../lib/gcc/arm-none-eabi/12.3.0/../../../../arm-none-eabi/lib/thumb/libc.a(lib_a-nano-vfscanf_float.o)
                0x1000b6bc                _scanf_float
 .text          0x1000bad8       0x54 /home/duarte/.arduino15/packages/rp2040/tools/pqt-gcc/2.2.0-d04e724/bin/../lib/gcc/arm-none-eabi/12.3.0/../../../../arm-none-eabi/lib/thumb/libc.a(lib_a-printf.o)
                0x1000bad8                _printf_r
                0x1000bad8                _iprintf_r
                0x1000bb00                printf
                0x1000bb00                iprintf
 .text          0x1000bb2c       0xe8 /home/duarte/.arduino15/packages/rp2040/tools/pqt-gcc/2.2.0-d04e724/bin/../lib/gcc/arm-none-eabi/12.3.0/../../../../arm-none-eabi/lib/thumb/libc.a(lib_a-puts.o)
                0x1000bb2c                _puts_r
                0x1000bc04                puts
 .text          0x1000bc14       0x14 /home/duarte/.arduino15/packages/rp2040/tools/pqt-gcc/2.2.0-d04e724/bin/../lib/gcc/arm-none-eabi/12.3.0/../../../../arm-none-eabi/lib/thumb/libc.a(lib_a-realloc.o)
                0x1000bc14                realloc
 .text          0x1000bc28      0x354 /home/duarte/.arduino15/packages/rp2040/tools/pqt-gcc/2.2.0-d04e724/bin/../lib/gcc/arm-none-eabi/12.3.0/../../../../arm-none-eabi/lib/thumb/libc.a(lib_a-reallocr.o)
                0x1000bc28                _realloc_r
 .text          0x1000bf7c       0x24 /home/duarte/.arduino15/packages/rp2040/tools/pqt-gcc/2.2.0-d04e724/bin/../lib/gcc/arm-none-eabi/12.3.0/../../../../arm-none-eabi/lib/thumb/libc.a(lib_a-sbrkr.o)
                0x1000bf7c                _sbrk_r
 .text          0x1000bfa0        0x8 /home/duarte/.arduino15/packages/rp2040/tools/pqt-gcc/2.2.0-d04e724/bin/../lib/gcc/arm-none-eabi/12.3.0/../../../../arm-none-eabi/lib/thumb/libc.a(lib_a-sf_nan.o)
                0x1000bfa0                nanf
 .text          0x1000bfa8       0x78 /home/duarte/.arduino15/packages/rp2040/tools/pqt-gcc/2.2.0-d04e724/bin/../lib/gcc/arm-none-eabi/12.3.0/../../../../arm-none-eabi/lib/thumb/libc.a(lib_a-sprintf.o)
                0x1000bfa8                _siprintf_r
                0x1000bfa8                _sprintf_r
                0x1000bfe0                sprintf
                0x1000bfe0                siprintf
 .text          0x1000c020       0x9c /home/duarte/.arduino15/packages/rp2040/tools/pqt-gcc/2.2.0-d04e724/bin/../lib/gcc/arm-none-eabi/12.3.0/../../../../arm-none-eabi/lib/thumb/libc.a(lib_a-stdio.o)
                0x1000c020                __sread
                0x1000c048                __seofread
                0x1000c04c                __swrite
                0x1000c084                __sseek
                0x1000c0b0                __sclose
 .text          0x1000c0bc       0x14 /home/duarte/.arduino15/packages/rp2040/tools/pqt-gcc/2.2.0-d04e724/bin/../lib/gcc/arm-none-eabi/12.3.0/../../../../arm-none-eabi/lib/thumb/libc.a(lib_a-strcmp.o)
                0x1000c0bc                strcmp
 .text          0x1000c0d0        0xe /home/duarte/.arduino15/packages/rp2040/tools/pqt-gcc/2.2.0-d04e724/bin/../lib/gcc/arm-none-eabi/12.3.0/../../../../arm-none-eabi/lib/thumb/libc.a(lib_a-strlen.o)
                0x1000c0d0                strlen
 .text          0x1000c0de       0x22 /home/duarte/.arduino15/packages/rp2040/tools/pqt-gcc/2.2.0-d04e724/bin/../lib/gcc/arm-none-eabi/12.3.0/../../../../arm-none-eabi/lib/thumb/libc.a(lib_a-strncmp.o)
                0x1000c0de                strncmp
 .text          0x1000c100      0xe34 /home/duarte/.arduino15/packages/rp2040/tools/pqt-gcc/2.2.0-d04e724/bin/../lib/gcc/arm-none-eabi/12.3.0/../../../../arm-none-eabi/lib/thumb/libc.a(lib_a-strtod.o)
                0x1000c130                _strtod_l
                0x1000cd98                _strtod_r
                0x1000cda8                strtod_l
                0x1000cdc0                strtod
                0x1000cddc                strtof_l
                0x1000ce88                strtof
 .text          0x1000cf34      0x150 /home/duarte/.arduino15/packages/rp2040/tools/pqt-gcc/2.2.0-d04e724/bin/../lib/gcc/arm-none-eabi/12.3.0/../../../../arm-none-eabi/lib/thumb/libc.a(lib_a-strtol.o)
                0x1000d04c                _strtol_r
                0x1000d054                strtol_l
                0x1000d06c                strtol
 .text          0x1000d084       0x4a /home/duarte/.arduino15/packages/rp2040/tools/pqt-gcc/2.2.0-d04e724/bin/../lib/gcc/arm-none-eabi/12.3.0/../../../../arm-none-eabi/lib/thumb/libc.a(lib_a-vprintf.o)
                0x1000d084                vprintf
                0x1000d084                viprintf
                0x1000d0aa                _viprintf_r
                0x1000d0aa                _vprintf_r
 *fill*         0x1000d0ce        0x2 
 .text          0x1000d0d0       0xdc /home/duarte/.arduino15/packages/rp2040/tools/pqt-gcc/2.2.0-d04e724/bin/../lib/gcc/arm-none-eabi/12.3.0/../../../../arm-none-eabi/lib/thumb/libc.a(lib_a-wbuf.o)
                0x1000d0d0                __swbuf_r
                0x1000d198                __swbuf
 .text          0x1000d1ac       0x28 /home/duarte/.arduino15/packages/rp2040/tools/pqt-gcc/2.2.0-d04e724/bin/../lib/gcc/arm-none-eabi/12.3.0/../../../../arm-none-eabi/lib/thumb/libc.a(lib_a-writer.o)
                0x1000d1ac                _write_r
 .text          0x1000d1d4       0xe0 /home/duarte/.arduino15/packages/rp2040/tools/pqt-gcc/2.2.0-d04e724/bin/../lib/gcc/arm-none-eabi/12.3.0/../../../../arm-none-eabi/lib/thumb/libc.a(lib_a-wsetup.o)
                0x1000d1d4                __swsetup_r
 .text          0x1000d2b4       0x24 /home/duarte/.arduino15/packages/rp2040/tools/pqt-gcc/2.2.0-d04e724/bin/../lib/gcc/arm-none-eabi/12.3.0/../../../../arm-none-eabi/lib/thumb/libc.a(lib_a-closer.o)
                0x1000d2b4                _close_r
 .text          0x1000d2d8      0xdc8 /home/duarte/.arduino15/packages/rp2040/tools/pqt-gcc/2.2.0-d04e724/bin/../lib/gcc/arm-none-eabi/12.3.0/../../../../arm-none-eabi/lib/thumb/libc.a(lib_a-dtoa.o)
                0x1000d3f4                _dtoa_r